Archive member included to satisfy reference by file (symbol)

/usr/lib/gcc/arm-none-eabi/9.2.1/thumb/v6-m/nofp/libgcc.a(_dvmd_tls.o)
                              CMakeFiles/mcp3008_serial.dir/home/ben/Desktop/HURC/pico/pico-sdk/src/rp2_common/pico_divider/divider.S.obj (__aeabi_idiv0)
/usr/lib/gcc/arm-none-eabi/9.2.1/../../../arm-none-eabi/lib/thumb/v6-m/nofp/libg.a(lib_a-atexit.o)
                              /usr/lib/gcc/arm-none-eabi/9.2.1/../../../arm-none-eabi/lib/thumb/v6-m/nofp/crt0.o (atexit)
/usr/lib/gcc/arm-none-eabi/9.2.1/../../../arm-none-eabi/lib/thumb/v6-m/nofp/libg.a(lib_a-calloc.o)
                              CMakeFiles/mcp3008_serial.dir/home/ben/Desktop/HURC/pico/pico-sdk/src/rp2_common/pico_malloc/pico_malloc.c.obj (calloc)
/usr/lib/gcc/arm-none-eabi/9.2.1/../../../arm-none-eabi/lib/thumb/v6-m/nofp/libg.a(lib_a-callocr.o)
                              /usr/lib/gcc/arm-none-eabi/9.2.1/../../../arm-none-eabi/lib/thumb/v6-m/nofp/libg.a(lib_a-calloc.o) (_calloc_r)
/usr/lib/gcc/arm-none-eabi/9.2.1/../../../arm-none-eabi/lib/thumb/v6-m/nofp/libg.a(lib_a-ctype_.o)
                              CMakeFiles/mcp3008_serial.dir/home/ben/Desktop/HURC/pico/pico-sdk/lib/tinyusb/src/tusb.c.obj (_ctype_)
/usr/lib/gcc/arm-none-eabi/9.2.1/../../../arm-none-eabi/lib/thumb/v6-m/nofp/libg.a(lib_a-fini.o)
                              /usr/lib/gcc/arm-none-eabi/9.2.1/../../../arm-none-eabi/lib/thumb/v6-m/nofp/crt0.o (__libc_fini_array)
/usr/lib/gcc/arm-none-eabi/9.2.1/../../../arm-none-eabi/lib/thumb/v6-m/nofp/libg.a(lib_a-impure.o)
                              /usr/lib/gcc/arm-none-eabi/9.2.1/../../../arm-none-eabi/lib/thumb/v6-m/nofp/libg.a(lib_a-calloc.o) (_impure_ptr)
/usr/lib/gcc/arm-none-eabi/9.2.1/../../../arm-none-eabi/lib/thumb/v6-m/nofp/libg.a(lib_a-init.o)
                              /usr/lib/gcc/arm-none-eabi/9.2.1/../../../arm-none-eabi/lib/thumb/v6-m/nofp/crt0.o (__libc_init_array)
/usr/lib/gcc/arm-none-eabi/9.2.1/../../../arm-none-eabi/lib/thumb/v6-m/nofp/libg.a(lib_a-malloc.o)
                              CMakeFiles/mcp3008_serial.dir/home/ben/Desktop/HURC/pico/pico-sdk/src/rp2_common/pico_malloc/pico_malloc.c.obj (malloc)
/usr/lib/gcc/arm-none-eabi/9.2.1/../../../arm-none-eabi/lib/thumb/v6-m/nofp/libg.a(lib_a-mallocr.o)
                              /usr/lib/gcc/arm-none-eabi/9.2.1/../../../arm-none-eabi/lib/thumb/v6-m/nofp/libg.a(lib_a-callocr.o) (_malloc_r)
/usr/lib/gcc/arm-none-eabi/9.2.1/../../../arm-none-eabi/lib/thumb/v6-m/nofp/libg.a(lib_a-mlock.o)
                              /usr/lib/gcc/arm-none-eabi/9.2.1/../../../arm-none-eabi/lib/thumb/v6-m/nofp/libg.a(lib_a-mallocr.o) (__malloc_lock)
/usr/lib/gcc/arm-none-eabi/9.2.1/../../../arm-none-eabi/lib/thumb/v6-m/nofp/libg.a(lib_a-sbrkr.o)
                              /usr/lib/gcc/arm-none-eabi/9.2.1/../../../arm-none-eabi/lib/thumb/v6-m/nofp/libg.a(lib_a-mallocr.o) (_sbrk_r)
/usr/lib/gcc/arm-none-eabi/9.2.1/../../../arm-none-eabi/lib/thumb/v6-m/nofp/libg.a(lib_a-strlen-stub.o)
                              CMakeFiles/mcp3008_serial.dir/home/ben/Desktop/HURC/pico/pico-sdk/src/rp2_common/pico_stdio/stdio.c.obj (strlen)
/usr/lib/gcc/arm-none-eabi/9.2.1/../../../arm-none-eabi/lib/thumb/v6-m/nofp/libg.a(lib_a-__atexit.o)
                              /usr/lib/gcc/arm-none-eabi/9.2.1/../../../arm-none-eabi/lib/thumb/v6-m/nofp/libg.a(lib_a-atexit.o) (__register_exitproc)
/usr/lib/gcc/arm-none-eabi/9.2.1/../../../arm-none-eabi/lib/thumb/v6-m/nofp/libg.a(lib_a-freer.o)
                              /usr/lib/gcc/arm-none-eabi/9.2.1/../../../arm-none-eabi/lib/thumb/v6-m/nofp/libg.a(lib_a-malloc.o) (_free_r)
/usr/lib/gcc/arm-none-eabi/9.2.1/../../../arm-none-eabi/lib/thumb/v6-m/nofp/libg.a(lib_a-reent.o)
                              /usr/lib/gcc/arm-none-eabi/9.2.1/../../../arm-none-eabi/lib/thumb/v6-m/nofp/libg.a(lib_a-sbrkr.o) (errno)

Allocating common symbols
Common symbol       size              file

sf_table            0x100             CMakeFiles/mcp3008_serial.dir/home/ben/Desktop/HURC/pico/pico-sdk/src/rp2_common/pico_float/float_init_rom.c.obj
errno               0x4               /usr/lib/gcc/arm-none-eabi/9.2.1/../../../arm-none-eabi/lib/thumb/v6-m/nofp/libg.a(lib_a-reent.o)
_usbd_qdef_buf      0xc0              CMakeFiles/mcp3008_serial.dir/home/ben/Desktop/HURC/pico/pico-sdk/lib/tinyusb/src/device/usbd.c.obj
sf_clz_func         0x4               CMakeFiles/mcp3008_serial.dir/home/ben/Desktop/HURC/pico/pico-sdk/src/rp2_common/pico_float/float_init_rom.c.obj
sd_table            0x100             CMakeFiles/mcp3008_serial.dir/home/ben/Desktop/HURC/pico/pico-sdk/src/rp2_common/pico_double/double_init_rom.c.obj
uart_char_to_line_feed
                    0x4               CMakeFiles/mcp3008_serial.dir/home/ben/Desktop/HURC/pico/pico-sdk/src/rp2_common/hardware_uart/uart.c.obj

Discarded input sections

 .text          0x0000000000000000        0x0 /usr/lib/gcc/arm-none-eabi/9.2.1/thumb/v6-m/nofp/crti.o
[...]
Memory Configuration

Name             Origin             Length             Attributes
FLASH            0x0000000010000000 0x0000000000200000 xr
RAM              0x0000000020000000 0x0000000000040000 xrw
SCRATCH_X        0x0000000020040000 0x0000000000001000 xrw
SCRATCH_Y        0x0000000020041000 0x0000000000001000 xrw
*default*        0x0000000000000000 0xffffffffffffffff

Linker script and memory map

LOAD /usr/lib/gcc/arm-none-eabi/9.2.1/thumb/v6-m/nofp/crti.o
LOAD /usr/lib/gcc/arm-none-eabi/9.2.1/thumb/v6-m/nofp/crtbegin.o
LOAD /usr/lib/gcc/arm-none-eabi/9.2.1/../../../arm-none-eabi/lib/thumb/v6-m/nofp/crt0.o

.flash_begin    0x0000000010000000        0x0
                0x0000000010000000                __flash_binary_start = .

.boot2          0x0000000010000000      0x100
                0x0000000010000000                __boot2_start__ = .
 *(.boot2)
 .boot2         0x0000000010000000      0x100 /tmp/ccGmARu2.o
                0x0000000010000100                __boot2_end__ = .
                0x0000000000000001                ASSERT (((__boot2_end__ - __boot2_start__) == 0x100), ERROR: Pico second stage bootloader must be 256 bytes in size)

.text           0x0000000010000100     0x7238
                0x0000000010000100                __logical_binary_start = .
 *(.vectors)
 .vectors       0x0000000010000100       0xd4 CMakeFiles/mcp3008_serial.dir/home/ben/Desktop/HURC/pico/pico-sdk/src/rp2_common/pico_standard_link/crt0.S.obj
                0x0000000010000100                __vectors
                0x0000000010000100                __VECTOR_TABLE
                0x00000000100001c0                isr_invalid
                0x00000000100001c0                __default_isrs_start
                0x00000000100001c2                isr_nmi
                0x00000000100001c4                isr_hardfault
                0x00000000100001c6                isr_svcall
                0x00000000100001c8                isr_pendsv
                0x00000000100001ca                isr_systick
                0x00000000100001cc                isr_irq30
                0x00000000100001cc                __unhandled_user_irq
                0x00000000100001cc                isr_irq13
                0x00000000100001cc                isr_irq27
                0x00000000100001cc                isr_irq31
                0x00000000100001cc                isr_irq5
                0x00000000100001cc                isr_irq11
                0x00000000100001cc                isr_irq23
                0x00000000100001cc                isr_irq18
                0x00000000100001cc                isr_irq28
                0x00000000100001cc                isr_irq19
                0x00000000100001cc                isr_irq0
                0x00000000100001cc                isr_irq6
                0x00000000100001cc                isr_irq22
                0x00000000100001cc                isr_irq17
                0x00000000100001cc                isr_irq14
                0x00000000100001cc                isr_irq2
                0x00000000100001cc                isr_irq10
                0x00000000100001cc                isr_irq8
                0x00000000100001cc                isr_irq24
                0x00000000100001cc                isr_irq1
                0x00000000100001cc                isr_irq7
                0x00000000100001cc                isr_irq21
                0x00000000100001cc                isr_irq20
                0x00000000100001cc                isr_irq15
                0x00000000100001cc                isr_irq25
                0x00000000100001cc                isr_irq4
                0x00000000100001cc                isr_irq16
                0x00000000100001cc                isr_irq29
                0x00000000100001cc                isr_irq26
                0x00000000100001cc                __default_isrs_end
                0x00000000100001cc                isr_irq3
                0x00000000100001cc                isr_irq12
                0x00000000100001cc                isr_irq9
                0x00000000100001d2                unhandled_user_irq_num_in_r0
 *(.binary_info_header)
 .binary_info_header
                0x00000000100001d4       0x14 CMakeFiles/mcp3008_serial.dir/home/ben/Desktop/HURC/pico/pico-sdk/src/rp2_common/pico_standard_link/crt0.S.obj
                0x00000000100001e8                __binary_info_header_end = .
 *(.reset)
 .reset         0x00000000100001e8       0xa8 CMakeFiles/mcp3008_serial.dir/home/ben/Desktop/HURC/pico/pico-sdk/src/rp2_common/pico_standard_link/crt0.S.obj
                0x00000000100001e8                _entry_point
                0x0000000010000266                __get_current_exception
 .reset         0x0000000010000290       0x30 CMakeFiles/mcp3008_serial.dir/home/ben/Desktop/HURC/pico/pico-sdk/src/rp2_common/pico_standard_link/binary_info.c.obj
 *(.init)
 .init          0x00000000100002c0        0x4 /usr/lib/gcc/arm-none-eabi/9.2.1/thumb/v6-m/nofp/crti.o
                0x00000000100002c0                _init
 *(EXCLUDE_FILE(*libm.a: *libc.a:*lib_a-mem*.o *libgcc.a:) .text*)
 .text          0x00000000100002c4       0x98 /usr/lib/gcc/arm-none-eabi/9.2.1/thumb/v6-m/nofp/crtbegin.o
 .text.mpu9250_reset
                0x000000001000035c       0x3c CMakeFiles/mcp3008_serial.dir/mcp3008_serial.c.obj
 .text.read_registers
                0x0000000010000398       0x68 CMakeFiles/mcp3008_serial.dir/mcp3008_serial.c.obj
 .text.mpu9250_read_raw
                0x0000000010000400       0x70 CMakeFiles/mcp3008_serial.dir/mcp3008_serial.c.obj
 .text.main     0x0000000010000470       0xe0 CMakeFiles/mcp3008_serial.dir/mcp3008_serial.c.obj
                0x0000000010000470                main
 .text.gpio_set_function
                0x0000000010000550       0x30 CMakeFiles/mcp3008_serial.dir/home/ben/Desktop/HURC/pico/pico-sdk/src/rp2_common/hardware_gpio/gpio.c.obj
                0x0000000010000550                gpio_set_function
 .text.gpio_init
                0x0000000010000580       0x16 CMakeFiles/mcp3008_serial.dir/home/ben/Desktop/HURC/pico/pico-sdk/src/rp2_common/hardware_gpio/gpio.c.obj
                0x0000000010000580                gpio_init
 *fill*         0x0000000010000596        0x2 
 .text.hw_claim_lock
                0x0000000010000598       0x18 CMakeFiles/mcp3008_serial.dir/home/ben/Desktop/HURC/pico/pico-sdk/src/rp2_common/hardware_claim/claim.c.obj
                0x0000000010000598                hw_claim_lock
 .text.hw_claim_unlock
                0x00000000100005b0       0x14 CMakeFiles/mcp3008_serial.dir/home/ben/Desktop/HURC/pico/pico-sdk/src/rp2_common/hardware_claim/claim.c.obj
                0x00000000100005b0                hw_claim_unlock
 .text.hw_claim_or_assert
                0x00000000100005c4       0x32 CMakeFiles/mcp3008_serial.dir/home/ben/Desktop/HURC/pico/pico-sdk/src/rp2_common/hardware_claim/claim.c.obj
                0x00000000100005c4                hw_claim_or_assert
 .text.hw_claim_unused_from_range
                0x00000000100005f6       0x50 CMakeFiles/mcp3008_serial.dir/home/ben/Desktop/HURC/pico/pico-sdk/src/rp2_common/hardware_claim/claim.c.obj
                0x00000000100005f6                hw_claim_unused_from_range
 *fill*         0x0000000010000646        0x2 
 .text.running_on_fpga
                0x0000000010000648       0x14 CMakeFiles/mcp3008_serial.dir/home/ben/Desktop/HURC/pico/pico-sdk/src/rp2_common/pico_platform/platform.c.obj
                0x0000000010000648                running_on_fpga
 .text.spin_locks_reset
                0x000000001000065c       0x20 CMakeFiles/mcp3008_serial.dir/home/ben/Desktop/HURC/pico/pico-sdk/src/rp2_common/hardware_sync/sync.c.obj
                0x000000001000065c                spin_locks_reset
 .text.next_striped_spin_lock_num
                0x000000001000067c       0x1c CMakeFiles/mcp3008_serial.dir/home/ben/Desktop/HURC/pico/pico-sdk/src/rp2_common/hardware_sync/sync.c.obj
                0x000000001000067c                next_striped_spin_lock_num
 .text.spin_lock_claim_unused
                0x0000000010000698       0x20 CMakeFiles/mcp3008_serial.dir/home/ben/Desktop/HURC/pico/pico-sdk/src/rp2_common/hardware_sync/sync.c.obj
                0x0000000010000698                spin_lock_claim_unused
 .text.alarm_pool_post_alloc_init
                0x00000000100006b8       0x40 CMakeFiles/mcp3008_serial.dir/home/ben/Desktop/HURC/pico/pico-sdk/src/common/pico_time/time.c.obj
 .text.sleep_until_callback
                0x00000000100006f8       0x30 CMakeFiles/mcp3008_serial.dir/home/ben/Desktop/HURC/pico/pico-sdk/src/common/pico_time/time.c.obj
 .text.timer_pool_entry_comparator
                0x0000000010000728       0x7c CMakeFiles/mcp3008_serial.dir/home/ben/Desktop/HURC/pico/pico-sdk/src/common/pico_time/time.c.obj
                0x0000000010000728                timer_pool_entry_comparator
 .text.ph_add_child_node
                0x00000000100007a4       0xa4 CMakeFiles/mcp3008_serial.dir/home/ben/Desktop/HURC/pico/pico-sdk/src/common/pico_time/time.c.obj
 .text.ph_merge_nodes
                0x0000000010000848       0x3e CMakeFiles/mcp3008_serial.dir/home/ben/Desktop/HURC/pico/pico-sdk/src/common/pico_time/time.c.obj
 *fill*         0x0000000010000886        0x2 
 .text.add_alarm_under_lock
                0x0000000010000888      0x174 CMakeFiles/mcp3008_serial.dir/home/ben/Desktop/HURC/pico/pico-sdk/src/common/pico_time/time.c.obj
 .text.alarm_pool_alarm_callback
                0x00000000100009fc      0x32c CMakeFiles/mcp3008_serial.dir/home/ben/Desktop/HURC/pico/pico-sdk/src/common/pico_time/time.c.obj
 .text.alarm_pool_init_default
                0x0000000010000d28       0x38 CMakeFiles/mcp3008_serial.dir/home/ben/Desktop/HURC/pico/pico-sdk/src/common/pico_time/time.c.obj
                0x0000000010000d28                alarm_pool_init_default
 .text.alarm_pool_get_default
                0x0000000010000d60       0x2c CMakeFiles/mcp3008_serial.dir/home/ben/Desktop/HURC/pico/pico-sdk/src/common/pico_time/time.c.obj
                0x0000000010000d60                alarm_pool_get_default
 .text.alarm_pool_add_alarm_at
                0x0000000010000d8c      0x170 CMakeFiles/mcp3008_serial.dir/home/ben/Desktop/HURC/pico/pico-sdk/src/common/pico_time/time.c.obj
                0x0000000010000d8c                alarm_pool_add_alarm_at
 .text.alarm_pool_cancel_alarm
                0x0000000010000efc       0xec CMakeFiles/mcp3008_serial.dir/home/ben/Desktop/HURC/pico/pico-sdk/src/common/pico_time/time.c.obj
                0x0000000010000efc                alarm_pool_cancel_alarm
 .text.sleep_until
                0x0000000010000fe8       0xfc CMakeFiles/mcp3008_serial.dir/home/ben/Desktop/HURC/pico/pico-sdk/src/common/pico_time/time.c.obj
                0x0000000010000fe8                sleep_until
 .text.sleep_us
                0x00000000100010e4       0x58 CMakeFiles/mcp3008_serial.dir/home/ben/Desktop/HURC/pico/pico-sdk/src/common/pico_time/time.c.obj
                0x00000000100010e4                sleep_us
 .text.sleep_ms
                0x000000001000113c       0x14 CMakeFiles/mcp3008_serial.dir/home/ben/Desktop/HURC/pico/pico-sdk/src/common/pico_time/time.c.obj
                0x000000001000113c                sleep_ms
 .text.best_effort_wfe_or_timeout
                0x0000000010001150       0x80 CMakeFiles/mcp3008_serial.dir/home/ben/Desktop/HURC/pico/pico-sdk/src/common/pico_time/time.c.obj
                0x0000000010001150                best_effort_wfe_or_timeout
 .text.hardware_alarm_irq_handler
                0x00000000100011d0       0x8c CMakeFiles/mcp3008_serial.dir/home/ben/Desktop/HURC/pico/pico-sdk/src/rp2_common/hardware_timer/timer.c.obj
 .text.hardware_alarm_claim
                0x000000001000125c       0x18 CMakeFiles/mcp3008_serial.dir/home/ben/Desktop/HURC/pico/pico-sdk/src/rp2_common/hardware_timer/timer.c.obj
                0x000000001000125c                hardware_alarm_claim
 .text.time_us_64
                0x0000000010001274       0x18 CMakeFiles/mcp3008_serial.dir/home/ben/Desktop/HURC/pico/pico-sdk/src/rp2_common/hardware_timer/timer.c.obj
                0x0000000010001274                time_us_64
 .text.busy_wait_until
                0x000000001000128c       0x24 CMakeFiles/mcp3008_serial.dir/home/ben/Desktop/HURC/pico/pico-sdk/src/rp2_common/hardware_timer/timer.c.obj
                0x000000001000128c                busy_wait_until
 .text.hardware_alarm_set_callback
                0x00000000100012b0       0x90 CMakeFiles/mcp3008_serial.dir/home/ben/Desktop/HURC/pico/pico-sdk/src/rp2_common/hardware_timer/timer.c.obj
                0x00000000100012b0                hardware_alarm_set_callback
 .text.hardware_alarm_set_target
                0x0000000010001340       0xe8 CMakeFiles/mcp3008_serial.dir/home/ben/Desktop/HURC/pico/pico-sdk/src/rp2_common/hardware_timer/timer.c.obj
                0x0000000010001340                hardware_alarm_set_target
 .text.hardware_alarm_cancel
                0x0000000010001428       0x40 CMakeFiles/mcp3008_serial.dir/home/ben/Desktop/HURC/pico/pico-sdk/src/rp2_common/hardware_timer/timer.c.obj
                0x0000000010001428                hardware_alarm_cancel
 .text.lock_init
                0x0000000010001468       0x10 CMakeFiles/mcp3008_serial.dir/home/ben/Desktop/HURC/pico/pico-sdk/src/common/pico_sync/lock_core.c.obj
                0x0000000010001468                lock_init
 .text.mutex_init_internal
                0x0000000010001478       0x1e CMakeFiles/mcp3008_serial.dir/home/ben/Desktop/HURC/pico/pico-sdk/src/common/pico_sync/mutex.c.obj
 .text.mutex_init
                0x0000000010001496        0xa CMakeFiles/mcp3008_serial.dir/home/ben/Desktop/HURC/pico/pico-sdk/src/common/pico_sync/mutex.c.obj
                0x0000000010001496                mutex_init
 .text.recursive_mutex_init
                0x00000000100014a0        0xa CMakeFiles/mcp3008_serial.dir/home/ben/Desktop/HURC/pico/pico-sdk/src/common/pico_sync/mutex.c.obj
                0x00000000100014a0                recursive_mutex_init
 *fill*         0x00000000100014aa        0x2 
 .text.critical_section_init_with_lock_num
                0x00000000100014ac       0x14 CMakeFiles/mcp3008_serial.dir/home/ben/Desktop/HURC/pico/pico-sdk/src/common/pico_sync/critical_section.c.obj
                0x00000000100014ac                critical_section_init_with_lock_num
 .text.critical_section_init
                0x00000000100014c0       0x14 CMakeFiles/mcp3008_serial.dir/home/ben/Desktop/HURC/pico/pico-sdk/src/common/pico_sync/critical_section.c.obj
                0x00000000100014c0                critical_section_init
 .text.ph_add_child_node
                0x00000000100014d4       0xa4 CMakeFiles/mcp3008_serial.dir/home/ben/Desktop/HURC/pico/pico-sdk/src/common/pico_util/pheap.c.obj
 .text.ph_merge_nodes
                0x0000000010001578       0x3e CMakeFiles/mcp3008_serial.dir/home/ben/Desktop/HURC/pico/pico-sdk/src/common/pico_util/pheap.c.obj
 *fill*         0x00000000100015b6        0x2 
 .text.ph_clear
                0x00000000100015b8       0x70 CMakeFiles/mcp3008_serial.dir/home/ben/Desktop/HURC/pico/pico-sdk/src/common/pico_util/pheap.c.obj
                0x00000000100015b8                ph_clear
 .text.ph_post_alloc_init
                0x0000000010001628        0xe CMakeFiles/mcp3008_serial.dir/home/ben/Desktop/HURC/pico/pico-sdk/src/common/pico_util/pheap.c.obj
                0x0000000010001628                ph_post_alloc_init
 *fill*         0x0000000010001636        0x2 
 .text.ph_merge_two_pass
                0x0000000010001638       0xa8 CMakeFiles/mcp3008_serial.dir/home/ben/Desktop/HURC/pico/pico-sdk/src/common/pico_util/pheap.c.obj
                0x0000000010001638                ph_merge_two_pass
 .text.ph_remove_any_head
                0x00000000100016e0      0x108 CMakeFiles/mcp3008_serial.dir/home/ben/Desktop/HURC/pico/pico-sdk/src/common/pico_util/pheap.c.obj
 .text.ph_remove_head
                0x00000000100017e8       0x14 CMakeFiles/mcp3008_serial.dir/home/ben/Desktop/HURC/pico/pico-sdk/src/common/pico_util/pheap.c.obj
                0x00000000100017e8                ph_remove_head
 .text.ph_remove_and_free_node
                0x00000000100017fc       0xf8 CMakeFiles/mcp3008_serial.dir/home/ben/Desktop/HURC/pico/pico-sdk/src/common/pico_util/pheap.c.obj
                0x00000000100017fc                ph_remove_and_free_node
 .text.runtime_init
                0x00000000100018f4       0xd8 CMakeFiles/mcp3008_serial.dir/home/ben/Desktop/HURC/pico/pico-sdk/src/rp2_common/pico_runtime/runtime.c.obj
                0x00000000100018f4                runtime_init
 .text._exit    0x00000000100019cc        0x4 CMakeFiles/mcp3008_serial.dir/home/ben/Desktop/HURC/pico/pico-sdk/src/rp2_common/pico_runtime/runtime.c.obj
                0x00000000100019cc                _exit
 .text.exit     0x00000000100019d0        0x6 CMakeFiles/mcp3008_serial.dir/home/ben/Desktop/HURC/pico/pico-sdk/src/rp2_common/pico_runtime/runtime.c.obj
                0x00000000100019d0                exit
 *fill*         0x00000000100019d6        0x2 
 .text.__assert_func
                0x00000000100019d8       0x3c CMakeFiles/mcp3008_serial.dir/home/ben/Desktop/HURC/pico/pico-sdk/src/rp2_common/pico_runtime/runtime.c.obj
                0x00000000100019d8                __assert_func
 .text.panic    0x0000000010001a14       0x30 CMakeFiles/mcp3008_serial.dir/home/ben/Desktop/HURC/pico/pico-sdk/src/rp2_common/pico_runtime/runtime.c.obj
                0x0000000010001a14                panic
 .text.clock_configure
                0x0000000010001a44      0x104 CMakeFiles/mcp3008_serial.dir/home/ben/Desktop/HURC/pico/pico-sdk/src/rp2_common/hardware_clocks/clocks.c.obj
                0x0000000010001a44                clock_configure
 .text.clocks_init
                0x0000000010001b48      0x100 CMakeFiles/mcp3008_serial.dir/home/ben/Desktop/HURC/pico/pico-sdk/src/rp2_common/hardware_clocks/clocks.c.obj
                0x0000000010001b48                clocks_init
 .text.clock_get_hz
                0x0000000010001c48        0xc CMakeFiles/mcp3008_serial.dir/home/ben/Desktop/HURC/pico/pico-sdk/src/rp2_common/hardware_clocks/clocks.c.obj
                0x0000000010001c48                clock_get_hz
 .text.set_raw_irq_handler_and_unlock
                0x0000000010001c54       0x28 CMakeFiles/mcp3008_serial.dir/home/ben/Desktop/HURC/pico/pico-sdk/src/rp2_common/hardware_irq/irq.c.obj
 .text.make_branch
                0x0000000010001c7c       0x34 CMakeFiles/mcp3008_serial.dir/home/ben/Desktop/HURC/pico/pico-sdk/src/rp2_common/hardware_irq/irq.c.obj
 .text.insert_branch_and_link
                0x0000000010001cb0       0x40 CMakeFiles/mcp3008_serial.dir/home/ben/Desktop/HURC/pico/pico-sdk/src/rp2_common/hardware_irq/irq.c.obj
 .text.irq_is_enabled
                0x0000000010001cf0       0x18 CMakeFiles/mcp3008_serial.dir/home/ben/Desktop/HURC/pico/pico-sdk/src/rp2_common/hardware_irq/irq.c.obj
                0x0000000010001cf0                irq_is_enabled
 .text.irq_set_mask_enabled
                0x0000000010001d08       0x20 CMakeFiles/mcp3008_serial.dir/home/ben/Desktop/HURC/pico/pico-sdk/src/rp2_common/hardware_irq/irq.c.obj
                0x0000000010001d08                irq_set_mask_enabled
 .text.irq_set_enabled
                0x0000000010001d28        0xe CMakeFiles/mcp3008_serial.dir/home/ben/Desktop/HURC/pico/pico-sdk/src/rp2_common/hardware_irq/irq.c.obj
                0x0000000010001d28                irq_set_enabled
 *fill*         0x0000000010001d36        0x2 
 .text.irq_set_pending
                0x0000000010001d38       0x10 CMakeFiles/mcp3008_serial.dir/home/ben/Desktop/HURC/pico/pico-sdk/src/rp2_common/hardware_irq/irq.c.obj
                0x0000000010001d38                irq_set_pending
 .text.irq_get_vtable_handler
                0x0000000010001d48       0x10 CMakeFiles/mcp3008_serial.dir/home/ben/Desktop/HURC/pico/pico-sdk/src/rp2_common/hardware_irq/irq.c.obj
                0x0000000010001d48                irq_get_vtable_handler
 .text.irq_set_exclusive_handler
                0x0000000010001d58       0x54 CMakeFiles/mcp3008_serial.dir/home/ben/Desktop/HURC/pico/pico-sdk/src/rp2_common/hardware_irq/irq.c.obj
                0x0000000010001d58                irq_set_exclusive_handler
 .text.irq_remove_handler
                0x0000000010001dac      0x1ac CMakeFiles/mcp3008_serial.dir/home/ben/Desktop/HURC/pico/pico-sdk/src/rp2_common/hardware_irq/irq.c.obj
                0x0000000010001dac                irq_remove_handler
 .text.irq_set_priority
                0x0000000010001f58       0x28 CMakeFiles/mcp3008_serial.dir/home/ben/Desktop/HURC/pico/pico-sdk/src/rp2_common/hardware_irq/irq.c.obj
                0x0000000010001f58                irq_set_priority
 .text.irq_add_tail_to_free_list
                0x0000000010001f80       0xf0 CMakeFiles/mcp3008_serial.dir/home/ben/Desktop/HURC/pico/pico-sdk/src/rp2_common/hardware_irq/irq.c.obj
                0x0000000010001f80                irq_add_tail_to_free_list
 .text.irq_init_priorities
                0x0000000010002070       0x16 CMakeFiles/mcp3008_serial.dir/home/ben/Desktop/HURC/pico/pico-sdk/src/rp2_common/hardware_irq/irq.c.obj
                0x0000000010002070                irq_init_priorities
 *fill*         0x0000000010002086        0x2 
 .text.pll_init
                0x0000000010002088      0x118 CMakeFiles/mcp3008_serial.dir/home/ben/Desktop/HURC/pico/pico-sdk/src/rp2_common/hardware_pll/pll.c.obj
                0x0000000010002088                pll_init
 .text.watchdog_start_tick
                0x00000000100021a0       0x10 CMakeFiles/mcp3008_serial.dir/home/ben/Desktop/HURC/pico/pico-sdk/src/rp2_common/hardware_watchdog/watchdog.c.obj
                0x00000000100021a0                watchdog_start_tick
 .text.watchdog_update
                0x00000000100021b0       0x14 CMakeFiles/mcp3008_serial.dir/home/ben/Desktop/HURC/pico/pico-sdk/src/rp2_common/hardware_watchdog/watchdog.c.obj
                0x00000000100021b0                watchdog_update
 .text._watchdog_enable
                0x00000000100021c4       0x70 CMakeFiles/mcp3008_serial.dir/home/ben/Desktop/HURC/pico/pico-sdk/src/rp2_common/hardware_watchdog/watchdog.c.obj
                0x00000000100021c4                _watchdog_enable
 .text.watchdog_reboot
                0x0000000010002234       0x48 CMakeFiles/mcp3008_serial.dir/home/ben/Desktop/HURC/pico/pico-sdk/src/rp2_common/hardware_watchdog/watchdog.c.obj
                0x0000000010002234                watchdog_reboot
 .text.xosc_init
                0x000000001000227c       0x28 CMakeFiles/mcp3008_serial.dir/home/ben/Desktop/HURC/pico/pico-sdk/src/rp2_common/hardware_xosc/xosc.c.obj
                0x000000001000227c                xosc_init
 .text._out_null
                0x00000000100022a4        0x2 CMakeFiles/mcp3008_serial.dir/home/ben/Desktop/HURC/pico/pico-sdk/src/rp2_common/pico_printf/printf.c.obj
 .text._out_fct
                0x00000000100022a6        0xe CMakeFiles/mcp3008_serial.dir/home/ben/Desktop/HURC/pico/pico-sdk/src/rp2_common/pico_printf/printf.c.obj
 .text._atoi    0x00000000100022b4       0x24 CMakeFiles/mcp3008_serial.dir/home/ben/Desktop/HURC/pico/pico-sdk/src/rp2_common/pico_printf/printf.c.obj
 .text._out_rev
                0x00000000100022d8       0xae CMakeFiles/mcp3008_serial.dir/home/ben/Desktop/HURC/pico/pico-sdk/src/rp2_common/pico_printf/printf.c.obj
 .text._ntoa_format
                0x0000000010002386      0x110 CMakeFiles/mcp3008_serial.dir/home/ben/Desktop/HURC/pico/pico-sdk/src/rp2_common/pico_printf/printf.c.obj
 .text._ntoa_long
                0x0000000010002496       0xbc CMakeFiles/mcp3008_serial.dir/home/ben/Desktop/HURC/pico/pico-sdk/src/rp2_common/pico_printf/printf.c.obj
 .text._ntoa_long_long
                0x0000000010002552       0xe2 CMakeFiles/mcp3008_serial.dir/home/ben/Desktop/HURC/pico/pico-sdk/src/rp2_common/pico_printf/printf.c.obj
 .text._etoa    0x0000000010002634      0x40c CMakeFiles/mcp3008_serial.dir/home/ben/Desktop/HURC/pico/pico-sdk/src/rp2_common/pico_printf/printf.c.obj
 .text._ftoa    0x0000000010002a40      0x354 CMakeFiles/mcp3008_serial.dir/home/ben/Desktop/HURC/pico/pico-sdk/src/rp2_common/pico_printf/printf.c.obj
 .text._vsnprintf
                0x0000000010002d94      0x628 CMakeFiles/mcp3008_serial.dir/home/ben/Desktop/HURC/pico/pico-sdk/src/rp2_common/pico_printf/printf.c.obj
 .text.vfctprintf
                0x00000000100033bc       0x20 CMakeFiles/mcp3008_serial.dir/home/ben/Desktop/HURC/pico/pico-sdk/src/rp2_common/pico_printf/printf.c.obj
                0x00000000100033bc                vfctprintf
 .text          0x00000000100033dc       0x10 CMakeFiles/mcp3008_serial.dir/home/ben/Desktop/HURC/pico/pico-sdk/src/rp2_common/pico_bit_ops/bit_ops_aeabi.S.obj
 .text.rom_func_lookup
                0x00000000100033ec       0x10 CMakeFiles/mcp3008_serial.dir/home/ben/Desktop/HURC/pico/pico-sdk/src/rp2_common/pico_bootrom/bootrom.c.obj
                0x00000000100033ec                rom_func_lookup
 .text.rom_data_lookup
                0x00000000100033fc       0x10 CMakeFiles/mcp3008_serial.dir/home/ben/Desktop/HURC/pico/pico-sdk/src/rp2_common/pico_bootrom/bootrom.c.obj
                0x00000000100033fc                rom_data_lookup
 .text.rom_funcs_lookup
                0x000000001000340c       0x36 CMakeFiles/mcp3008_serial.dir/home/ben/Desktop/HURC/pico/pico-sdk/src/rp2_common/pico_bootrom/bootrom.c.obj
                0x000000001000340c                rom_funcs_lookup
 *fill*         0x0000000010003442        0x2 
 .text.__wrap___aeabi_idiv
                0x0000000010003444       0x50 CMakeFiles/mcp3008_serial.dir/home/ben/Desktop/HURC/pico/pico-sdk/src/rp2_common/pico_divider/divider.S.obj
                0x0000000010003444                __wrap___aeabi_idivmod
                0x0000000010003444                divmod_s32s32
                0x0000000010003444                div_s32s32
                0x0000000010003444                __wrap___aeabi_idiv
                0x000000001000344c                divmod_s32s32_unsafe
                0x0000000010003478                divmod_s32s32_savestate
 .text.__wrap___aeabi_uidiv
                0x0000000010003494       0x4c CMakeFiles/mcp3008_serial.dir/home/ben/Desktop/HURC/pico/pico-sdk/src/rp2_common/pico_divider/divider.S.obj
                0x0000000010003494                __wrap___aeabi_uidiv
                0x0000000010003494                __wrap___aeabi_uidivmod
                0x0000000010003494                div_u32u32
                0x0000000010003494                divmod_u32u32
                0x000000001000349c                divmod_u32u32_unsafe
                0x00000000100034c4                divmod_u32u32_savestate
 .text.__wrap___aeabi_ldiv
                0x00000000100034e0      0x430 CMakeFiles/mcp3008_serial.dir/home/ben/Desktop/HURC/pico/pico-sdk/src/rp2_common/pico_divider/divider.S.obj
                0x00000000100034e0                div_s64s64
                0x00000000100034e0                divmod_s64s64
                0x00000000100034e0                __wrap___aeabi_ldivmod
                0x0000000010003518                div_u64u64
                0x0000000010003518                divmod_u64u64
                0x0000000010003518                __wrap___aeabi_uldivmod
                0x0000000010003528                divmod_u64u64_savestate
                0x0000000010003550                divmod_s64s64_unsafe
                0x00000000100035d8                divmod_u64u64_unsafe
 .text.__wrap___aeabi_darithmetic
                0x0000000010003910       0x80 CMakeFiles/mcp3008_serial.dir/home/ben/Desktop/HURC/pico/pico-sdk/src/rp2_common/pico_double/double_aeabi.S.obj
                0x0000000010003910                __wrap___aeabi_drsub
                0x0000000010003916                __wrap___aeabi_dsub
                0x0000000010003928                __wrap___aeabi_dadd
                0x000000001000393a                __wrap___aeabi_ddiv
                0x0000000010003976                __wrap___aeabi_dmul
 .text.__wrap___aeabi_cdcmple
                0x0000000010003990       0x6c CMakeFiles/mcp3008_serial.dir/home/ben/Desktop/HURC/pico/pico-sdk/src/rp2_common/pico_double/double_aeabi.S.obj
                0x0000000010003990                __wrap___aeabi_cdrcmple
                0x00000000100039a0                __wrap___aeabi_cdcmple
                0x00000000100039a0                __wrap___aeabi_cdcmpeq
 .text.__wrap___aeabi_dcmplt
                0x00000000100039fc        0xc CMakeFiles/mcp3008_serial.dir/home/ben/Desktop/HURC/pico/pico-sdk/src/rp2_common/pico_double/double_aeabi.S.obj
                0x00000000100039fc                __wrap___aeabi_dcmplt
 .text.__wrap___aeabi_dcmple
                0x0000000010003a08       0x10 CMakeFiles/mcp3008_serial.dir/home/ben/Desktop/HURC/pico/pico-sdk/src/rp2_common/pico_double/double_aeabi.S.obj
                0x0000000010003a08                __wrap___aeabi_dcmple
 .text.__wrap___aeabi_dcmpge
                0x0000000010003a18       0x10 CMakeFiles/mcp3008_serial.dir/home/ben/Desktop/HURC/pico/pico-sdk/src/rp2_common/pico_double/double_aeabi.S.obj
                0x0000000010003a18                __wrap___aeabi_dcmpge
 .text.__wrap___aeabi_dcmpgt
                0x0000000010003a28        0xa CMakeFiles/mcp3008_serial.dir/home/ben/Desktop/HURC/pico/pico-sdk/src/rp2_common/pico_double/double_aeabi.S.obj
                0x0000000010003a28                __wrap___aeabi_dcmpgt
 .text.__wrap___aeabi_dcmpun
                0x0000000010003a32       0x1c CMakeFiles/mcp3008_serial.dir/home/ben/Desktop/HURC/pico/pico-sdk/src/rp2_common/pico_double/double_aeabi.S.obj
                0x0000000010003a32                __wrap___aeabi_dcmpun
 *fill*         0x0000000010003a4e        0x2 
 .text.__wrap___aeabi_i2d
                0x0000000010003a50       0x38 CMakeFiles/mcp3008_serial.dir/home/ben/Desktop/HURC/pico/pico-sdk/src/rp2_common/pico_double/double_aeabi.S.obj
                0x0000000010003a50                __wrap___aeabi_ui2d
                0x0000000010003a58                __wrap___aeabi_i2d
 .text.__wrap___aeabi_d2iz
                0x0000000010003a88       0x48 CMakeFiles/mcp3008_serial.dir/home/ben/Desktop/HURC/pico/pico-sdk/src/rp2_common/pico_double/double_aeabi.S.obj
                0x0000000010003a88                __wrap___aeabi_d2iz
                0x0000000010003a88                double2int_z
 .text.__wrap___aeabi_d2uiz
                0x0000000010003ad0       0x18 CMakeFiles/mcp3008_serial.dir/home/ben/Desktop/HURC/pico/pico-sdk/src/rp2_common/pico_double/double_aeabi.S.obj
                0x0000000010003ad0                double2uint
                0x0000000010003ad0                __wrap___aeabi_d2uiz
 .text.__aeabi_double_init
                0x0000000010003ae8       0xb4 CMakeFiles/mcp3008_serial.dir/home/ben/Desktop/HURC/pico/pico-sdk/src/rp2_common/pico_double/double_init_rom.c.obj
                0x0000000010003ae8                __aeabi_double_init
 .text.double_table_shim_on_use_helper
                0x0000000010003b9c       0x34 CMakeFiles/mcp3008_serial.dir/home/ben/Desktop/HURC/pico/pico-sdk/src/rp2_common/pico_double/double_v1_rom_shim.S.obj
                0x0000000010003b9c                double_table_shim_on_use_helper
 .text.__wrap___aeabi_dsub
                0x0000000010003bd0       0x10 CMakeFiles/mcp3008_serial.dir/home/ben/Desktop/HURC/pico/pico-sdk/src/rp2_common/pico_double/double_v1_rom_shim.S.obj
                0x0000000010003bd0                drsub_shim
                0x0000000010003bd6                dsub_shim
 .text.dadd_shim
                0x0000000010003be0      0x15c CMakeFiles/mcp3008_serial.dir/home/ben/Desktop/HURC/pico/pico-sdk/src/rp2_common/pico_double/double_v1_rom_shim.S.obj
                0x0000000010003be0                dadd_shim
 .text.dmul_shim
                0x0000000010003d3c      0x15c CMakeFiles/mcp3008_serial.dir/home/ben/Desktop/HURC/pico/pico-sdk/src/rp2_common/pico_double/double_v1_rom_shim.S.obj
                0x0000000010003d3c                dmul_shim
 .text.ddiv_shim
                0x0000000010003e98      0x1b0 CMakeFiles/mcp3008_serial.dir/home/ben/Desktop/HURC/pico/pico-sdk/src/rp2_common/pico_double/double_v1_rom_shim.S.obj
                0x0000000010003e98                ddiv_shim
 .text.dcordic_rot_step
                0x0000000010004048       0x7c CMakeFiles/mcp3008_serial.dir/home/ben/Desktop/HURC/pico/pico-sdk/src/rp2_common/pico_double/double_v1_rom_shim.S.obj
                0x0000000010004048                dcordic_rot_step
 .text.double2uint_shim
                0x00000000100040c4        0xe CMakeFiles/mcp3008_serial.dir/home/ben/Desktop/HURC/pico/pico-sdk/src/rp2_common/pico_double/double_v1_rom_shim.S.obj
                0x00000000100040c4                double2uint_shim
                0x00000000100040c6                double2ufix_shim
 *fill*         0x00000000100040d2        0x2 
 .text.double2uint64_shim
                0x00000000100040d4       0x6c CMakeFiles/mcp3008_serial.dir/home/ben/Desktop/HURC/pico/pico-sdk/src/rp2_common/pico_double/double_v1_rom_shim.S.obj
                0x00000000100040d4                double2uint64_shim
                0x00000000100040d6                double2ufix64_shim
                0x00000000100040f0                d2fix_a
 .text.dunpacks
                0x0000000010004140       0x3c CMakeFiles/mcp3008_serial.dir/home/ben/Desktop/HURC/pico/pico-sdk/src/rp2_common/pico_double/double_v1_rom_shim.S.obj
                0x0000000010004140                dunpacks
 .text.__aeabi_lmul
                0x000000001000417c       0x32 CMakeFiles/mcp3008_serial.dir/home/ben/Desktop/HURC/pico/pico-sdk/src/rp2_common/pico_int64_ops/pico_int64_ops_aeabi.S.obj
                0x000000001000417c                __wrap___aeabi_lmul
 *fill*         0x00000000100041ae        0x2 
 .text.__aeabi_float_init
                0x00000000100041b0       0xfc CMakeFiles/mcp3008_serial.dir/home/ben/Desktop/HURC/pico/pico-sdk/src/rp2_common/pico_float/float_init_rom.c.obj
                0x00000000100041b0                __aeabi_float_init
 .text.float_table_shim_on_use_helper
                0x00000000100042ac       0x34 CMakeFiles/mcp3008_serial.dir/home/ben/Desktop/HURC/pico/pico-sdk/src/rp2_common/pico_float/float_v1_rom_shim.S.obj
                0x00000000100042ac                float_table_shim_on_use_helper
 .text          0x00000000100042e0       0x10 CMakeFiles/mcp3008_serial.dir/home/ben/Desktop/HURC/pico/pico-sdk/src/rp2_common/pico_mem_ops/mem_ops_aeabi.S.obj
                0x00000000100042e0                __aeabi_mem_init
 .text.memset   0x00000000100042f0        0xc CMakeFiles/mcp3008_serial.dir/home/ben/Desktop/HURC/pico/pico-sdk/src/rp2_common/pico_mem_ops/mem_ops_aeabi.S.obj
                0x00000000100042f0                __wrap_memset
 .text.memcpy   0x00000000100042fc        0xc CMakeFiles/mcp3008_serial.dir/home/ben/Desktop/HURC/pico/pico-sdk/src/rp2_common/pico_mem_ops/mem_ops_aeabi.S.obj
                0x00000000100042fc                __wrap___aeabi_memcpy
                0x00000000100042fc                __wrap_memcpy
 .text.stdio_out_chars_crlf
                0x0000000010004308       0x80 CMakeFiles/mcp3008_serial.dir/home/ben/Desktop/HURC/pico/pico-sdk/src/rp2_common/pico_stdio/stdio.c.obj
 .text.stdio_stack_buffer_flush
                0x0000000010004388       0x44 CMakeFiles/mcp3008_serial.dir/home/ben/Desktop/HURC/pico/pico-sdk/src/rp2_common/pico_stdio/stdio.c.obj
 .text.stdio_buffered_printer
                0x00000000100043cc       0x20 CMakeFiles/mcp3008_serial.dir/home/ben/Desktop/HURC/pico/pico-sdk/src/rp2_common/pico_stdio/stdio.c.obj
 .text.stdout_serialize_begin
                0x00000000100043ec       0x30 CMakeFiles/mcp3008_serial.dir/home/ben/Desktop/HURC/pico/pico-sdk/src/rp2_common/pico_stdio/stdio.c.obj
                0x00000000100043ec                stdout_serialize_begin
 .text.stdout_serialize_end
                0x000000001000441c       0x10 CMakeFiles/mcp3008_serial.dir/home/ben/Desktop/HURC/pico/pico-sdk/src/rp2_common/pico_stdio/stdio.c.obj
                0x000000001000441c                stdout_serialize_end
 .text.stdio_put_string
                0x000000001000442c       0x84 CMakeFiles/mcp3008_serial.dir/home/ben/Desktop/HURC/pico/pico-sdk/src/rp2_common/pico_stdio/stdio.c.obj
 .text.stdio_set_driver_enabled
                0x00000000100044b0       0x38 CMakeFiles/mcp3008_serial.dir/home/ben/Desktop/HURC/pico/pico-sdk/src/rp2_common/pico_stdio/stdio.c.obj
                0x00000000100044b0                stdio_set_driver_enabled
 .text.stdio_flush
                0x00000000100044e8       0x20 CMakeFiles/mcp3008_serial.dir/home/ben/Desktop/HURC/pico/pico-sdk/src/rp2_common/pico_stdio/stdio.c.obj
                0x00000000100044e8                stdio_flush
 .text.__wrap_puts
                0x0000000010004508       0x1c CMakeFiles/mcp3008_serial.dir/home/ben/Desktop/HURC/pico/pico-sdk/src/rp2_common/pico_stdio/stdio.c.obj
                0x0000000010004508                __wrap_puts
 .text.__wrap_vprintf
                0x0000000010004524       0x44 CMakeFiles/mcp3008_serial.dir/home/ben/Desktop/HURC/pico/pico-sdk/src/rp2_common/pico_stdio/stdio.c.obj
                0x0000000010004524                __wrap_vprintf
 .text.__wrap_printf
                0x0000000010004568       0x18 CMakeFiles/mcp3008_serial.dir/home/ben/Desktop/HURC/pico/pico-sdk/src/rp2_common/pico_stdio/stdio.c.obj
                0x0000000010004568                __wrap_printf
 .text.stdio_init_all
                0x0000000010004580        0x8 CMakeFiles/mcp3008_serial.dir/home/ben/Desktop/HURC/pico/pico-sdk/src/rp2_common/pico_stdio/stdio.c.obj
                0x0000000010004580                stdio_init_all
 .text.resetd_init
                0x0000000010004588        0x2 CMakeFiles/mcp3008_serial.dir/home/ben/Desktop/HURC/pico/pico-sdk/src/rp2_common/pico_stdio_usb/reset_interface.c.obj
 *fill*         0x000000001000458a        0x2 
 .text.resetd_reset
                0x000000001000458c        0xc CMakeFiles/mcp3008_serial.dir/home/ben/Desktop/HURC/pico/pico-sdk/src/rp2_common/pico_stdio_usb/reset_interface.c.obj
 .text.resetd_open
                0x0000000010004598       0x34 CMakeFiles/mcp3008_serial.dir/home/ben/Desktop/HURC/pico/pico-sdk/src/rp2_common/pico_stdio_usb/reset_interface.c.obj
 .text.resetd_xfer_cb
                0x00000000100045cc        0x4 CMakeFiles/mcp3008_serial.dir/home/ben/Desktop/HURC/pico/pico-sdk/src/rp2_common/pico_stdio_usb/reset_interface.c.obj
 .text.resetd_control_xfer_cb
                0x00000000100045d0       0x6c CMakeFiles/mcp3008_serial.dir/home/ben/Desktop/HURC/pico/pico-sdk/src/rp2_common/pico_stdio_usb/reset_interface.c.obj
 .text.usbd_app_driver_get_cb
                0x000000001000463c        0xc CMakeFiles/mcp3008_serial.dir/home/ben/Desktop/HURC/pico/pico-sdk/src/rp2_common/pico_stdio_usb/reset_interface.c.obj
                0x000000001000463c                usbd_app_driver_get_cb
 .text.tud_cdc_line_coding_cb
                0x0000000010004648       0x34 CMakeFiles/mcp3008_serial.dir/home/ben/Desktop/HURC/pico/pico-sdk/src/rp2_common/pico_stdio_usb/reset_interface.c.obj
                0x0000000010004648                tud_cdc_line_coding_cb
 .text.stdio_usb_in_chars
                0x000000001000467c       0x70 CMakeFiles/mcp3008_serial.dir/home/ben/Desktop/HURC/pico/pico-sdk/src/rp2_common/pico_stdio_usb/stdio_usb.c.obj
                0x000000001000467c                stdio_usb_in_chars
 .text.low_priority_worker_irq
                0x00000000100046ec       0x20 CMakeFiles/mcp3008_serial.dir/home/ben/Desktop/HURC/pico/pico-sdk/src/rp2_common/pico_stdio_usb/stdio_usb.c.obj
 .text.stdio_usb_out_chars
                0x000000001000470c       0xd4 CMakeFiles/mcp3008_serial.dir/home/ben/Desktop/HURC/pico/pico-sdk/src/rp2_common/pico_stdio_usb/stdio_usb.c.obj
 .text.timer_task
                0x00000000100047e0       0x10 CMakeFiles/mcp3008_serial.dir/home/ben/Desktop/HURC/pico/pico-sdk/src/rp2_common/pico_stdio_usb/stdio_usb.c.obj
 .text.stdio_usb_init
                0x00000000100047f0       0xb8 CMakeFiles/mcp3008_serial.dir/home/ben/Desktop/HURC/pico/pico-sdk/src/rp2_common/pico_stdio_usb/stdio_usb.c.obj
                0x00000000100047f0                stdio_usb_init
 .text.tud_descriptor_device_cb
                0x00000000100048a8        0x8 CMakeFiles/mcp3008_serial.dir/home/ben/Desktop/HURC/pico/pico-sdk/src/rp2_common/pico_stdio_usb/stdio_usb_descriptors.c.obj
                0x00000000100048a8                tud_descriptor_device_cb
 .text.tud_descriptor_configuration_cb
                0x00000000100048b0        0x8 CMakeFiles/mcp3008_serial.dir/home/ben/Desktop/HURC/pico/pico-sdk/src/rp2_common/pico_stdio_usb/stdio_usb_descriptors.c.obj
                0x00000000100048b0                tud_descriptor_configuration_cb
 .text.tud_descriptor_string_cb
                0x00000000100048b8       0x68 CMakeFiles/mcp3008_serial.dir/home/ben/Desktop/HURC/pico/pico-sdk/src/rp2_common/pico_stdio_usb/stdio_usb_descriptors.c.obj
                0x00000000100048b8                tud_descriptor_string_cb
 .text.hw_endpoint_get_by_addr
                0x0000000010004920       0x18 CMakeFiles/mcp3008_serial.dir/home/ben/Desktop/HURC/pico/pico-sdk/lib/tinyusb/src/portable/raspberrypi/rp2040/dcd_rp2040.c.obj
 .text.reset_ep0
                0x0000000010004938       0x2c CMakeFiles/mcp3008_serial.dir/home/ben/Desktop/HURC/pico/pico-sdk/lib/tinyusb/src/portable/raspberrypi/rp2040/dcd_rp2040.c.obj
 .text._hw_endpoint_alloc
                0x0000000010004964       0x80 CMakeFiles/mcp3008_serial.dir/home/ben/Desktop/HURC/pico/pico-sdk/lib/tinyusb/src/portable/raspberrypi/rp2040/dcd_rp2040.c.obj
 .text._hw_endpoint_init
                0x00000000100049e4       0xbc CMakeFiles/mcp3008_serial.dir/home/ben/Desktop/HURC/pico/pico-sdk/lib/tinyusb/src/portable/raspberrypi/rp2040/dcd_rp2040.c.obj
 .text.hw_endpoint_init
                0x0000000010004aa0       0x18 CMakeFiles/mcp3008_serial.dir/home/ben/Desktop/HURC/pico/pico-sdk/lib/tinyusb/src/portable/raspberrypi/rp2040/dcd_rp2040.c.obj
 .text.hw_handle_buff_status
                0x0000000010004ab8       0xb4 CMakeFiles/mcp3008_serial.dir/home/ben/Desktop/HURC/pico/pico-sdk/lib/tinyusb/src/portable/raspberrypi/rp2040/dcd_rp2040.c.obj
 .text.dcd_rp2040_irq
                0x0000000010004b6c       0xa8 CMakeFiles/mcp3008_serial.dir/home/ben/Desktop/HURC/pico/pico-sdk/lib/tinyusb/src/portable/raspberrypi/rp2040/dcd_rp2040.c.obj
 .text.hw_endpoint_xfer
                0x0000000010004c14       0x18 CMakeFiles/mcp3008_serial.dir/home/ben/Desktop/HURC/pico/pico-sdk/lib/tinyusb/src/portable/raspberrypi/rp2040/dcd_rp2040.c.obj
 .text.ep0_0len_status
                0x0000000010004c2c       0x14 CMakeFiles/mcp3008_serial.dir/home/ben/Desktop/HURC/pico/pico-sdk/lib/tinyusb/src/portable/raspberrypi/rp2040/dcd_rp2040.c.obj
 .text._hw_endpoint_stall
                0x0000000010004c40       0x54 CMakeFiles/mcp3008_serial.dir/home/ben/Desktop/HURC/pico/pico-sdk/lib/tinyusb/src/portable/raspberrypi/rp2040/dcd_rp2040.c.obj
 .text.hw_endpoint_stall
                0x0000000010004c94        0xc CMakeFiles/mcp3008_serial.dir/home/ben/Desktop/HURC/pico/pico-sdk/lib/tinyusb/src/portable/raspberrypi/rp2040/dcd_rp2040.c.obj
 .text._hw_endpoint_clear_stall
                0x0000000010004ca0       0x34 CMakeFiles/mcp3008_serial.dir/home/ben/Desktop/HURC/pico/pico-sdk/lib/tinyusb/src/portable/raspberrypi/rp2040/dcd_rp2040.c.obj
 .text.hw_endpoint_clear_stall
                0x0000000010004cd4        0xc CMakeFiles/mcp3008_serial.dir/home/ben/Desktop/HURC/pico/pico-sdk/lib/tinyusb/src/portable/raspberrypi/rp2040/dcd_rp2040.c.obj
 .text.dcd_int_enable
                0x0000000010004ce0       0x2c CMakeFiles/mcp3008_serial.dir/home/ben/Desktop/HURC/pico/pico-sdk/lib/tinyusb/src/portable/raspberrypi/rp2040/dcd_rp2040.c.obj
                0x0000000010004ce0                dcd_int_enable
 .text.dcd_set_address
                0x0000000010004d0c       0x28 CMakeFiles/mcp3008_serial.dir/home/ben/Desktop/HURC/pico/pico-sdk/lib/tinyusb/src/portable/raspberrypi/rp2040/dcd_rp2040.c.obj
                0x0000000010004d0c                dcd_set_address
 .text.dcd_connect
                0x0000000010004d34       0x30 CMakeFiles/mcp3008_serial.dir/home/ben/Desktop/HURC/pico/pico-sdk/lib/tinyusb/src/portable/raspberrypi/rp2040/dcd_rp2040.c.obj
                0x0000000010004d34                dcd_connect
 .text.dcd_init
                0x0000000010004d64       0x84 CMakeFiles/mcp3008_serial.dir/home/ben/Desktop/HURC/pico/pico-sdk/lib/tinyusb/src/portable/raspberrypi/rp2040/dcd_rp2040.c.obj
                0x0000000010004d64                dcd_init
 .text.dcd_edpt0_status_complete
                0x0000000010004de8       0x40 CMakeFiles/mcp3008_serial.dir/home/ben/Desktop/HURC/pico/pico-sdk/lib/tinyusb/src/portable/raspberrypi/rp2040/dcd_rp2040.c.obj
                0x0000000010004de8                dcd_edpt0_status_complete
 .text.dcd_edpt_open
                0x0000000010004e28       0x40 CMakeFiles/mcp3008_serial.dir/home/ben/Desktop/HURC/pico/pico-sdk/lib/tinyusb/src/portable/raspberrypi/rp2040/dcd_rp2040.c.obj
                0x0000000010004e28                dcd_edpt_open
 .text.dcd_edpt_xfer
                0x0000000010004e68       0x34 CMakeFiles/mcp3008_serial.dir/home/ben/Desktop/HURC/pico/pico-sdk/lib/tinyusb/src/portable/raspberrypi/rp2040/dcd_rp2040.c.obj
                0x0000000010004e68                dcd_edpt_xfer
 .text.dcd_edpt_stall
                0x0000000010004e9c       0x28 CMakeFiles/mcp3008_serial.dir/home/ben/Desktop/HURC/pico/pico-sdk/lib/tinyusb/src/portable/raspberrypi/rp2040/dcd_rp2040.c.obj
                0x0000000010004e9c                dcd_edpt_stall
 .text.dcd_edpt_clear_stall
                0x0000000010004ec4       0x2c CMakeFiles/mcp3008_serial.dir/home/ben/Desktop/HURC/pico/pico-sdk/lib/tinyusb/src/portable/raspberrypi/rp2040/dcd_rp2040.c.obj
                0x0000000010004ec4                dcd_edpt_clear_stall
 .text.rp2040_usb_init
                0x0000000010004ef0       0x50 CMakeFiles/mcp3008_serial.dir/home/ben/Desktop/HURC/pico/pico-sdk/lib/tinyusb/src/portable/raspberrypi/rp2040/rp2040_usb.c.obj
                0x0000000010004ef0                rp2040_usb_init
 .text.hw_endpoint_reset_transfer
                0x0000000010004f40       0x10 CMakeFiles/mcp3008_serial.dir/home/ben/Desktop/HURC/pico/pico-sdk/lib/tinyusb/src/portable/raspberrypi/rp2040/rp2040_usb.c.obj
                0x0000000010004f40                hw_endpoint_reset_transfer
 .text._hw_endpoint_buffer_control_update32
                0x0000000010004f50       0x58 CMakeFiles/mcp3008_serial.dir/home/ben/Desktop/HURC/pico/pico-sdk/lib/tinyusb/src/portable/raspberrypi/rp2040/rp2040_usb.c.obj
                0x0000000010004f50                _hw_endpoint_buffer_control_update32
 .text._hw_endpoint_start_next_buffer
                0x0000000010004fa8       0x50 CMakeFiles/mcp3008_serial.dir/home/ben/Desktop/HURC/pico/pico-sdk/lib/tinyusb/src/portable/raspberrypi/rp2040/rp2040_usb.c.obj
                0x0000000010004fa8                _hw_endpoint_start_next_buffer
 .text._hw_endpoint_xfer_start
                0x0000000010004ff8       0x3e CMakeFiles/mcp3008_serial.dir/home/ben/Desktop/HURC/pico/pico-sdk/lib/tinyusb/src/portable/raspberrypi/rp2040/rp2040_usb.c.obj
                0x0000000010004ff8                _hw_endpoint_xfer_start
 *fill*         0x0000000010005036        0x2 
 .text._hw_endpoint_xfer_sync
                0x0000000010005038       0x74 CMakeFiles/mcp3008_serial.dir/home/ben/Desktop/HURC/pico/pico-sdk/lib/tinyusb/src/portable/raspberrypi/rp2040/rp2040_usb.c.obj
                0x0000000010005038                _hw_endpoint_xfer_sync
 .text._hw_endpoint_xfer_continue
                0x00000000100050ac       0x60 CMakeFiles/mcp3008_serial.dir/home/ben/Desktop/HURC/pico/pico-sdk/lib/tinyusb/src/portable/raspberrypi/rp2040/rp2040_usb.c.obj
                0x00000000100050ac                _hw_endpoint_xfer_continue
 .text._hw_endpoint_xfer
                0x000000001000510c       0x34 CMakeFiles/mcp3008_serial.dir/home/ben/Desktop/HURC/pico/pico-sdk/lib/tinyusb/src/portable/raspberrypi/rp2040/rp2040_usb.c.obj
                0x000000001000510c                _hw_endpoint_xfer
 .text.mark_interface_endpoint
                0x0000000010005140       0x2a CMakeFiles/mcp3008_serial.dir/home/ben/Desktop/HURC/pico/pico-sdk/lib/tinyusb/src/device/usbd.c.obj
 *fill*         0x000000001000516a        0x2 
 .text.usbd_reset
                0x000000001000516c       0x88 CMakeFiles/mcp3008_serial.dir/home/ben/Desktop/HURC/pico/pico-sdk/lib/tinyusb/src/device/usbd.c.obj
 .text.invoke_class_control
                0x00000000100051f4       0x1a CMakeFiles/mcp3008_serial.dir/home/ben/Desktop/HURC/pico/pico-sdk/lib/tinyusb/src/device/usbd.c.obj
 *fill*         0x000000001000520e        0x2 
 .text.process_set_config
                0x0000000010005210      0x1d0 CMakeFiles/mcp3008_serial.dir/home/ben/Desktop/HURC/pico/pico-sdk/lib/tinyusb/src/device/usbd.c.obj
 .text.process_get_descriptor
                0x00000000100053e0       0xf8 CMakeFiles/mcp3008_serial.dir/home/ben/Desktop/HURC/pico/pico-sdk/lib/tinyusb/src/device/usbd.c.obj
 .text.tud_mounted
                0x00000000100054d8       0x10 CMakeFiles/mcp3008_serial.dir/home/ben/Desktop/HURC/pico/pico-sdk/lib/tinyusb/src/device/usbd.c.obj
                0x00000000100054d8                tud_mounted
 .text.tud_suspended
                0x00000000100054e8       0x10 CMakeFiles/mcp3008_serial.dir/home/ben/Desktop/HURC/pico/pico-sdk/lib/tinyusb/src/device/usbd.c.obj
                0x00000000100054e8                tud_suspended
 .text.tud_inited
                0x00000000100054f8        0xc CMakeFiles/mcp3008_serial.dir/home/ben/Desktop/HURC/pico/pico-sdk/lib/tinyusb/src/device/usbd.c.obj
                0x00000000100054f8                tud_inited
 .text.tud_init
                0x0000000010005504       0xcc CMakeFiles/mcp3008_serial.dir/home/ben/Desktop/HURC/pico/pico-sdk/lib/tinyusb/src/device/usbd.c.obj
                0x0000000010005504                tud_init
 .text.dcd_event_handler
                0x00000000100055d0      0x174 CMakeFiles/mcp3008_serial.dir/home/ben/Desktop/HURC/pico/pico-sdk/lib/tinyusb/src/device/usbd.c.obj
                0x00000000100055d0                dcd_event_handler
 .text.dcd_event_bus_signal
                0x0000000010005744       0x26 CMakeFiles/mcp3008_serial.dir/home/ben/Desktop/HURC/pico/pico-sdk/lib/tinyusb/src/device/usbd.c.obj
                0x0000000010005744                dcd_event_bus_signal
 .text.dcd_event_bus_reset
                0x000000001000576a       0x2a CMakeFiles/mcp3008_serial.dir/home/ben/Desktop/HURC/pico/pico-sdk/lib/tinyusb/src/device/usbd.c.obj
                0x000000001000576a                dcd_event_bus_reset
 .text.dcd_event_setup_received
                0x0000000010005794       0x34 CMakeFiles/mcp3008_serial.dir/home/ben/Desktop/HURC/pico/pico-sdk/lib/tinyusb/src/device/usbd.c.obj
                0x0000000010005794                dcd_event_setup_received
 .text.dcd_event_xfer_complete
                0x00000000100057c8       0x44 CMakeFiles/mcp3008_serial.dir/home/ben/Desktop/HURC/pico/pico-sdk/lib/tinyusb/src/device/usbd.c.obj
                0x00000000100057c8                dcd_event_xfer_complete
 .text.usbd_edpt_open
                0x000000001000580c       0xe0 CMakeFiles/mcp3008_serial.dir/home/ben/Desktop/HURC/pico/pico-sdk/lib/tinyusb/src/device/usbd.c.obj
                0x000000001000580c                usbd_edpt_open
 .text.usbd_open_edpt_pair
                0x00000000100058ec       0x8c CMakeFiles/mcp3008_serial.dir/home/ben/Desktop/HURC/pico/pico-sdk/lib/tinyusb/src/device/usbd.c.obj
                0x00000000100058ec                usbd_open_edpt_pair
 .text.usbd_edpt_claim
                0x0000000010005978       0x8c CMakeFiles/mcp3008_serial.dir/home/ben/Desktop/HURC/pico/pico-sdk/lib/tinyusb/src/device/usbd.c.obj
                0x0000000010005978                usbd_edpt_claim
 .text.usbd_edpt_release
                0x0000000010005a04       0x68 CMakeFiles/mcp3008_serial.dir/home/ben/Desktop/HURC/pico/pico-sdk/lib/tinyusb/src/device/usbd.c.obj
                0x0000000010005a04                usbd_edpt_release
 .text.usbd_edpt_xfer
                0x0000000010005a6c       0x80 CMakeFiles/mcp3008_serial.dir/home/ben/Desktop/HURC/pico/pico-sdk/lib/tinyusb/src/device/usbd.c.obj
                0x0000000010005a6c                usbd_edpt_xfer
 .text.usbd_edpt_stall
                0x0000000010005aec       0x2c CMakeFiles/mcp3008_serial.dir/home/ben/Desktop/HURC/pico/pico-sdk/lib/tinyusb/src/device/usbd.c.obj
                0x0000000010005aec                usbd_edpt_stall
 .text.usbd_edpt_clear_stall
                0x0000000010005b18       0x2c CMakeFiles/mcp3008_serial.dir/home/ben/Desktop/HURC/pico/pico-sdk/lib/tinyusb/src/device/usbd.c.obj
                0x0000000010005b18                usbd_edpt_clear_stall
 .text.usbd_edpt_stalled
                0x0000000010005b44       0x1c CMakeFiles/mcp3008_serial.dir/home/ben/Desktop/HURC/pico/pico-sdk/lib/tinyusb/src/device/usbd.c.obj
                0x0000000010005b44                usbd_edpt_stalled
 .text.process_control_request
                0x0000000010005b60      0x380 CMakeFiles/mcp3008_serial.dir/home/ben/Desktop/HURC/pico/pico-sdk/lib/tinyusb/src/device/usbd.c.obj
 .text.tud_task
                0x0000000010005ee0      0x204 CMakeFiles/mcp3008_serial.dir/home/ben/Desktop/HURC/pico/pico-sdk/lib/tinyusb/src/device/usbd.c.obj
                0x0000000010005ee0                tud_task
 .text._data_stage_xact
                0x00000000100060e4       0x58 CMakeFiles/mcp3008_serial.dir/home/ben/Desktop/HURC/pico/pico-sdk/lib/tinyusb/src/device/usbd_control.c.obj
 .text.tud_control_status
                0x000000001000613c       0x38 CMakeFiles/mcp3008_serial.dir/home/ben/Desktop/HURC/pico/pico-sdk/lib/tinyusb/src/device/usbd_control.c.obj
                0x000000001000613c                tud_control_status
 .text.tud_control_xfer
                0x0000000010006174       0xa8 CMakeFiles/mcp3008_serial.dir/home/ben/Desktop/HURC/pico/pico-sdk/lib/tinyusb/src/device/usbd_control.c.obj
                0x0000000010006174                tud_control_xfer
 .text.usbd_control_reset
                0x000000001000621c       0x14 CMakeFiles/mcp3008_serial.dir/home/ben/Desktop/HURC/pico/pico-sdk/lib/tinyusb/src/device/usbd_control.c.obj
                0x000000001000621c                usbd_control_reset
 .text.usbd_control_set_complete_callback
                0x0000000010006230        0xc CMakeFiles/mcp3008_serial.dir/home/ben/Desktop/HURC/pico/pico-sdk/lib/tinyusb/src/device/usbd_control.c.obj
                0x0000000010006230                usbd_control_set_complete_callback
 .text.usbd_control_set_request
                0x000000001000623c       0x1c CMakeFiles/mcp3008_serial.dir/home/ben/Desktop/HURC/pico/pico-sdk/lib/tinyusb/src/device/usbd_control.c.obj
                0x000000001000623c                usbd_control_set_request
 .text.usbd_control_xfer_cb
                0x0000000010006258       0xfc CMakeFiles/mcp3008_serial.dir/home/ben/Desktop/HURC/pico/pico-sdk/lib/tinyusb/src/device/usbd_control.c.obj
                0x0000000010006258                usbd_control_xfer_cb
 .text._prep_out_transaction
                0x0000000010006354       0x46 CMakeFiles/mcp3008_serial.dir/home/ben/Desktop/HURC/pico/pico-sdk/lib/tinyusb/src/class/cdc/cdc_device.c.obj
 *fill*         0x000000001000639a        0x2 
 .text.tud_cdc_n_connected
                0x000000001000639c       0x44 CMakeFiles/mcp3008_serial.dir/home/ben/Desktop/HURC/pico/pico-sdk/lib/tinyusb/src/class/cdc/cdc_device.c.obj
                0x000000001000639c                tud_cdc_n_connected
 .text.tud_cdc_n_available
                0x00000000100063e0       0x18 CMakeFiles/mcp3008_serial.dir/home/ben/Desktop/HURC/pico/pico-sdk/lib/tinyusb/src/class/cdc/cdc_device.c.obj
                0x00000000100063e0                tud_cdc_n_available
 .text.tud_cdc_n_read
                0x00000000100063f8       0x28 CMakeFiles/mcp3008_serial.dir/home/ben/Desktop/HURC/pico/pico-sdk/lib/tinyusb/src/class/cdc/cdc_device.c.obj
                0x00000000100063f8                tud_cdc_n_read
 .text.tud_cdc_n_write_flush
                0x0000000010006420       0xcc CMakeFiles/mcp3008_serial.dir/home/ben/Desktop/HURC/pico/pico-sdk/lib/tinyusb/src/class/cdc/cdc_device.c.obj
                0x0000000010006420                tud_cdc_n_write_flush
 .text.tud_cdc_n_write
                0x00000000100064ec       0x38 CMakeFiles/mcp3008_serial.dir/home/ben/Desktop/HURC/pico/pico-sdk/lib/tinyusb/src/class/cdc/cdc_device.c.obj
                0x00000000100064ec                tud_cdc_n_write
 .text.tud_cdc_n_write_available
                0x0000000010006524       0x1c CMakeFiles/mcp3008_serial.dir/home/ben/Desktop/HURC/pico/pico-sdk/lib/tinyusb/src/class/cdc/cdc_device.c.obj
                0x0000000010006524                tud_cdc_n_write_available
 .text.cdcd_init
                0x0000000010006540       0xbc CMakeFiles/mcp3008_serial.dir/home/ben/Desktop/HURC/pico/pico-sdk/lib/tinyusb/src/class/cdc/cdc_device.c.obj
                0x0000000010006540                cdcd_init
 .text.cdcd_reset
                0x00000000100065fc       0x44 CMakeFiles/mcp3008_serial.dir/home/ben/Desktop/HURC/pico/pico-sdk/lib/tinyusb/src/class/cdc/cdc_device.c.obj
                0x00000000100065fc                cdcd_reset
 .text.cdcd_open
                0x0000000010006640      0x10c CMakeFiles/mcp3008_serial.dir/home/ben/Desktop/HURC/pico/pico-sdk/lib/tinyusb/src/class/cdc/cdc_device.c.obj
                0x0000000010006640                cdcd_open
 .text.cdcd_control_xfer_cb
                0x000000001000674c      0x134 CMakeFiles/mcp3008_serial.dir/home/ben/Desktop/HURC/pico/pico-sdk/lib/tinyusb/src/class/cdc/cdc_device.c.obj
                0x000000001000674c                cdcd_control_xfer_cb
 .text.cdcd_xfer_cb
                0x0000000010006880      0x144 CMakeFiles/mcp3008_serial.dir/home/ben/Desktop/HURC/pico/pico-sdk/lib/tinyusb/src/class/cdc/cdc_device.c.obj
                0x0000000010006880                cdcd_xfer_cb
 .text.tusb_init
                0x00000000100069c4       0x24 CMakeFiles/mcp3008_serial.dir/home/ben/Desktop/HURC/pico/pico-sdk/lib/tinyusb/src/tusb.c.obj
                0x00000000100069c4                tusb_init
 .text.tusb_inited
                0x00000000100069e8        0xe CMakeFiles/mcp3008_serial.dir/home/ben/Desktop/HURC/pico/pico-sdk/lib/tinyusb/src/tusb.c.obj
                0x00000000100069e8                tusb_inited
 .text.advance_pointer
                0x00000000100069f6       0x1e CMakeFiles/mcp3008_serial.dir/home/ben/Desktop/HURC/pico/pico-sdk/lib/tinyusb/src/common/tusb_fifo.c.obj
 .text.backward_pointer
                0x0000000010006a14       0x1a CMakeFiles/mcp3008_serial.dir/home/ben/Desktop/HURC/pico/pico-sdk/lib/tinyusb/src/common/tusb_fifo.c.obj
 .text.get_relative_pointer
                0x0000000010006a2e       0x10 CMakeFiles/mcp3008_serial.dir/home/ben/Desktop/HURC/pico/pico-sdk/lib/tinyusb/src/common/tusb_fifo.c.obj
 .text._tu_fifo_peek
                0x0000000010006a3e       0x50 CMakeFiles/mcp3008_serial.dir/home/ben/Desktop/HURC/pico/pico-sdk/lib/tinyusb/src/common/tusb_fifo.c.obj
 .text._ff_pull_const_addr
                0x0000000010006a8e       0x4c CMakeFiles/mcp3008_serial.dir/home/ben/Desktop/HURC/pico/pico-sdk/lib/tinyusb/src/common/tusb_fifo.c.obj
 .text._ff_pull_n
                0x0000000010006ada      0x10c CMakeFiles/mcp3008_serial.dir/home/ben/Desktop/HURC/pico/pico-sdk/lib/tinyusb/src/common/tusb_fifo.c.obj
 .text._tu_fifo_peek_n
                0x0000000010006be6       0x5e CMakeFiles/mcp3008_serial.dir/home/ben/Desktop/HURC/pico/pico-sdk/lib/tinyusb/src/common/tusb_fifo.c.obj
 .text._tu_fifo_read_n
                0x0000000010006c44       0x4e CMakeFiles/mcp3008_serial.dir/home/ben/Desktop/HURC/pico/pico-sdk/lib/tinyusb/src/common/tusb_fifo.c.obj
 .text._ff_push_const_addr
                0x0000000010006c92       0x40 CMakeFiles/mcp3008_serial.dir/home/ben/Desktop/HURC/pico/pico-sdk/lib/tinyusb/src/common/tusb_fifo.c.obj
 .text._ff_push_n
                0x0000000010006cd2      0x106 CMakeFiles/mcp3008_serial.dir/home/ben/Desktop/HURC/pico/pico-sdk/lib/tinyusb/src/common/tusb_fifo.c.obj
 .text._tu_fifo_write_n
                0x0000000010006dd8       0x9e CMakeFiles/mcp3008_serial.dir/home/ben/Desktop/HURC/pico/pico-sdk/lib/tinyusb/src/common/tusb_fifo.c.obj
 .text.tu_fifo_config
                0x0000000010006e76       0x72 CMakeFiles/mcp3008_serial.dir/home/ben/Desktop/HURC/pico/pico-sdk/lib/tinyusb/src/common/tusb_fifo.c.obj
                0x0000000010006e76                tu_fifo_config
 .text.tu_fifo_count
                0x0000000010006ee8       0x26 CMakeFiles/mcp3008_serial.dir/home/ben/Desktop/HURC/pico/pico-sdk/lib/tinyusb/src/common/tusb_fifo.c.obj
                0x0000000010006ee8                tu_fifo_count
 .text.tu_fifo_empty
                0x0000000010006f0e        0xe CMakeFiles/mcp3008_serial.dir/home/ben/Desktop/HURC/pico/pico-sdk/lib/tinyusb/src/common/tusb_fifo.c.obj
                0x0000000010006f0e                tu_fifo_empty
 .text.tu_fifo_remaining
                0x0000000010006f1c       0x20 CMakeFiles/mcp3008_serial.dir/home/ben/Desktop/HURC/pico/pico-sdk/lib/tinyusb/src/common/tusb_fifo.c.obj
                0x0000000010006f1c                tu_fifo_remaining
 .text.tu_fifo_read
                0x0000000010006f3c       0x42 CMakeFiles/mcp3008_serial.dir/home/ben/Desktop/HURC/pico/pico-sdk/lib/tinyusb/src/common/tusb_fifo.c.obj
                0x0000000010006f3c                tu_fifo_read
 .text.tu_fifo_read_n
                0x0000000010006f7e        0xa CMakeFiles/mcp3008_serial.dir/home/ben/Desktop/HURC/pico/pico-sdk/lib/tinyusb/src/common/tusb_fifo.c.obj
                0x0000000010006f7e                tu_fifo_read_n
 .text.tu_fifo_write
                0x0000000010006f88       0x6c CMakeFiles/mcp3008_serial.dir/home/ben/Desktop/HURC/pico/pico-sdk/lib/tinyusb/src/common/tusb_fifo.c.obj
                0x0000000010006f88                tu_fifo_write
 .text.tu_fifo_write_n
                0x0000000010006ff4        0xa CMakeFiles/mcp3008_serial.dir/home/ben/Desktop/HURC/pico/pico-sdk/lib/tinyusb/src/common/tusb_fifo.c.obj
                0x0000000010006ff4                tu_fifo_write_n
 .text.tu_fifo_clear
                0x0000000010006ffe       0x4c CMakeFiles/mcp3008_serial.dir/home/ben/Desktop/HURC/pico/pico-sdk/lib/tinyusb/src/common/tusb_fifo.c.obj
                0x0000000010006ffe                tu_fifo_clear
 .text.tu_fifo_set_overwritable
                0x000000001000704a       0x3c CMakeFiles/mcp3008_serial.dir/home/ben/Desktop/HURC/pico/pico-sdk/lib/tinyusb/src/common/tusb_fifo.c.obj
                0x000000001000704a                tu_fifo_set_overwritable
 *fill*         0x0000000010007086        0x2 
 .text._retrieve_unique_id_on_boot
                0x0000000010007088       0x10 CMakeFiles/mcp3008_serial.dir/home/ben/Desktop/HURC/pico/pico-sdk/src/rp2_common/pico_unique_id/unique_id.c.obj
 .text.pico_get_unique_board_id_string
                0x0000000010007098       0x60 CMakeFiles/mcp3008_serial.dir/home/ben/Desktop/HURC/pico/pico-sdk/src/rp2_common/pico_unique_id/unique_id.c.obj
                0x0000000010007098                pico_get_unique_board_id_string
 .text.flash_get_unique_id
                0x00000000100070f8       0x46 CMakeFiles/mcp3008_serial.dir/home/ben/Desktop/HURC/pico/pico-sdk/src/rp2_common/hardware_flash/flash.c.obj
                0x00000000100070f8                flash_get_unique_id
 .text.spi_set_baudrate
                0x000000001000713e       0x94 CMakeFiles/mcp3008_serial.dir/home/ben/Desktop/HURC/pico/pico-sdk/src/rp2_common/hardware_spi/spi.c.obj
                0x000000001000713e                spi_set_baudrate
 *fill*         0x00000000100071d2        0x2 
 .text.spi_init
                0x00000000100071d4       0x68 CMakeFiles/mcp3008_serial.dir/home/ben/Desktop/HURC/pico/pico-sdk/src/rp2_common/hardware_spi/spi.c.obj
                0x00000000100071d4                spi_init
 .text          0x000000001000723c       0x68 /usr/lib/gcc/arm-none-eabi/9.2.1/../../../arm-none-eabi/lib/thumb/v6-m/nofp/libg.a(lib_a-strlen-stub.o)
                0x000000001000723c                strlen
 *(.fini)
 .fini          0x00000000100072a4        0x4 /usr/lib/gcc/arm-none-eabi/9.2.1/thumb/v6-m/nofp/crti.o
                0x00000000100072a4                _fini
 .fini.__stub   0x00000000100072a8       0x90 linker stubs
 *crtbegin.o(.ctors)
 *crtbegin?.o(.ctors)
 *(EXCLUDE_FILE(*crtend.o *crtend?.o) .ctors)
 *(SORT_BY_NAME(.ctors.*))
 *(.ctors)
 *crtbegin.o(.dtors)
 *crtbegin?.o(.dtors)
 *(EXCLUDE_FILE(*crtend.o *crtend?.o) .dtors)
 *(SORT_BY_NAME(.dtors.*))
 *(.dtors)
 *(.eh_frame*)
 .eh_frame      0x0000000010007338        0x0 /usr/lib/gcc/arm-none-eabi/9.2.1/thumb/v6-m/nofp/crtbegin.o
                0x0000000010007338                . = ALIGN (0x4)

.glue_7         0x0000000010007338        0x0
 .glue_7        0x0000000010007338        0x0 linker stubs

.glue_7t        0x0000000010007338        0x0
 .glue_7t       0x0000000010007338        0x0 linker stubs

.vfp11_veneer   0x0000000010007338        0x0
 .vfp11_veneer  0x0000000010007338        0x0 linker stubs

.v4_bx          0x0000000010007338        0x0
 .v4_bx         0x0000000010007338        0x0 linker stubs

.iplt           0x0000000010007338        0x0
 .iplt          0x0000000010007338        0x0 /usr/lib/gcc/arm-none-eabi/9.2.1/thumb/v6-m/nofp/crtbegin.o

.rodata         0x0000000010007338     0x1788
 *(EXCLUDE_FILE(*libm.a: *libc.a:*lib_a-mem*.o *libgcc.a:) .rodata*)
 .rodata.main.str1.4
                0x0000000010007338       0xa0 CMakeFiles/mcp3008_serial.dir/mcp3008_serial.c.obj
 .rodata.str1.4
                0x00000000100073d8        0x7 CMakeFiles/mcp3008_serial.dir/mcp3008_serial.c.obj
 *fill*         0x00000000100073df        0x1 
 .rodata.__bi_86.6268
                0x00000000100073e0        0x8 CMakeFiles/mcp3008_serial.dir/mcp3008_serial.c.obj
 .rodata.__bi_93.6271
                0x00000000100073e8        0xc CMakeFiles/mcp3008_serial.dir/mcp3008_serial.c.obj
 .rodata.spin_lock_claim_unused.str1.4
                0x00000000100073f4       0x1b CMakeFiles/mcp3008_serial.dir/home/ben/Desktop/HURC/pico/pico-sdk/src/rp2_common/hardware_sync/sync.c.obj
 *fill*         0x000000001000740f        0x1 
 .rodata.repeating_timer_callback.str1.4
                0x0000000010007410       0x55 CMakeFiles/mcp3008_serial.dir/home/ben/Desktop/HURC/pico/pico-sdk/src/common/pico_time/time.c.obj
 *fill*         0x0000000010007465        0x3 
 .rodata.alarm_pool_dump_key.str1.4
                0x0000000010007468       0x33 CMakeFiles/mcp3008_serial.dir/home/ben/Desktop/HURC/pico/pico-sdk/src/common/pico_time/time.c.obj
 *fill*         0x000000001000749b        0x1 
 .rodata.ph_add_child_node.str1.4
                0x000000001000749c       0x9e CMakeFiles/mcp3008_serial.dir/home/ben/Desktop/HURC/pico/pico-sdk/src/common/pico_time/time.c.obj
 *fill*         0x000000001000753a        0x2 
 .rodata.add_alarm_under_lock.str1.4
                0x000000001000753c       0x28 CMakeFiles/mcp3008_serial.dir/home/ben/Desktop/HURC/pico/pico-sdk/src/common/pico_time/time.c.obj
                                         0x2b (size before relaxing)
 .rodata.alarm_pool_alarm_callback.str1.4
                0x0000000010007564       0xee CMakeFiles/mcp3008_serial.dir/home/ben/Desktop/HURC/pico/pico-sdk/src/common/pico_time/time.c.obj
 *fill*         0x0000000010007652        0x2 
 .rodata.alarm_pool_get_default.str1.4
                0x0000000010007654       0x21 CMakeFiles/mcp3008_serial.dir/home/ben/Desktop/HURC/pico/pico-sdk/src/common/pico_time/time.c.obj
 *fill*         0x0000000010007675        0x3 
 .rodata.alarm_pool_cancel_alarm.str1.4
                0x0000000010007678       0x27 CMakeFiles/mcp3008_serial.dir/home/ben/Desktop/HURC/pico/pico-sdk/src/common/pico_time/time.c.obj
 *fill*         0x000000001000769f        0x1 
 .rodata.sleep_until.str1.4
                0x00000000100076a0       0x4d CMakeFiles/mcp3008_serial.dir/home/ben/Desktop/HURC/pico/pico-sdk/src/common/pico_time/time.c.obj
 *fill*         0x00000000100076ed        0x3 
 .rodata.__func__.5701
                0x00000000100076f0       0x15 CMakeFiles/mcp3008_serial.dir/home/ben/Desktop/HURC/pico/pico-sdk/src/common/pico_time/time.c.obj
 *fill*         0x0000000010007705        0x3 
 .rodata.__func__.6002
                0x0000000010007708        0xc CMakeFiles/mcp3008_serial.dir/home/ben/Desktop/HURC/pico/pico-sdk/src/common/pico_time/time.c.obj
 .rodata.__func__.6009
                0x0000000010007714       0x12 CMakeFiles/mcp3008_serial.dir/home/ben/Desktop/HURC/pico/pico-sdk/src/common/pico_time/time.c.obj
 *fill*         0x0000000010007726        0x2 
 .rodata.__func__.6025
                0x0000000010007728        0xf CMakeFiles/mcp3008_serial.dir/home/ben/Desktop/HURC/pico/pico-sdk/src/common/pico_time/time.c.obj
 *fill*         0x0000000010007737        0x1 
 .rodata.__func__.6047
                0x0000000010007738        0xd CMakeFiles/mcp3008_serial.dir/home/ben/Desktop/HURC/pico/pico-sdk/src/common/pico_time/time.c.obj
 *fill*         0x0000000010007745        0x3 
 .rodata.__func__.6248
                0x0000000010007748        0xa CMakeFiles/mcp3008_serial.dir/home/ben/Desktop/HURC/pico/pico-sdk/src/common/pico_time/time.c.obj
 *fill*         0x0000000010007752        0x2 
 .rodata.__func__.6253
                0x0000000010007754       0x12 CMakeFiles/mcp3008_serial.dir/home/ben/Desktop/HURC/pico/pico-sdk/src/common/pico_time/time.c.obj
 *fill*         0x0000000010007766        0x2 
 .rodata.__func__.6268
                0x0000000010007768       0x17 CMakeFiles/mcp3008_serial.dir/home/ben/Desktop/HURC/pico/pico-sdk/src/common/pico_time/time.c.obj
 *fill*         0x000000001000777f        0x1 
 .rodata.__func__.6279
                0x0000000010007780       0x15 CMakeFiles/mcp3008_serial.dir/home/ben/Desktop/HURC/pico/pico-sdk/src/common/pico_time/time.c.obj
 *fill*         0x0000000010007795        0x3 
 .rodata.__func__.6296
                0x0000000010007798       0x1a CMakeFiles/mcp3008_serial.dir/home/ben/Desktop/HURC/pico/pico-sdk/src/common/pico_time/time.c.obj
 *fill*         0x00000000100077b2        0x2 
 .rodata.__func__.6335
                0x00000000100077b4       0x18 CMakeFiles/mcp3008_serial.dir/home/ben/Desktop/HURC/pico/pico-sdk/src/common/pico_time/time.c.obj
 .rodata.hardware_alarm_claim.str1.4
                0x00000000100077cc       0x22 CMakeFiles/mcp3008_serial.dir/home/ben/Desktop/HURC/pico/pico-sdk/src/rp2_common/hardware_timer/timer.c.obj
 *fill*         0x00000000100077ee        0x2 
 .rodata.hardware_alarm_set_target.str1.4
                0x00000000100077f0       0x6f CMakeFiles/mcp3008_serial.dir/home/ben/Desktop/HURC/pico/pico-sdk/src/rp2_common/hardware_timer/timer.c.obj
 *fill*         0x000000001000785f        0x1 
 .rodata.__func__.4548
                0x0000000010007860       0x1a CMakeFiles/mcp3008_serial.dir/home/ben/Desktop/HURC/pico/pico-sdk/src/rp2_common/hardware_timer/timer.c.obj
 *fill*         0x000000001000787a        0x2 
 .rodata.str1.4
                0x000000001000787c       0xbd CMakeFiles/mcp3008_serial.dir/home/ben/Desktop/HURC/pico/pico-sdk/src/common/pico_sync/mutex.c.obj
                                        0x129 (size before relaxing)
 *fill*         0x0000000010007939        0x3 
 .rodata.__func__.4193
                0x000000001000793c       0x15 CMakeFiles/mcp3008_serial.dir/home/ben/Desktop/HURC/pico/pico-sdk/src/common/pico_sync/mutex.c.obj
 *fill*         0x0000000010007951        0x3 
 .rodata.__func__.4610
                0x0000000010007954       0x15 CMakeFiles/mcp3008_serial.dir/home/ben/Desktop/HURC/pico/pico-sdk/src/common/pico_sync/mutex.c.obj
 *fill*         0x0000000010007969        0x3 
 .rodata.__func__.4635
                0x000000001000796c       0x18 CMakeFiles/mcp3008_serial.dir/home/ben/Desktop/HURC/pico/pico-sdk/src/common/pico_sync/mutex.c.obj
 .rodata.__func__.4645
                0x0000000010007984        0xb CMakeFiles/mcp3008_serial.dir/home/ben/Desktop/HURC/pico/pico-sdk/src/common/pico_sync/mutex.c.obj
 .rodata.ph_add_child_node.str1.4
                0x000000001000798f       0x9e CMakeFiles/mcp3008_serial.dir/home/ben/Desktop/HURC/pico/pico-sdk/src/common/pico_util/pheap.c.obj
 *fill*         0x000000001000798f        0x1 
 .rodata.ph_remove_any_head.str1.4
                0x0000000010007990       0x98 CMakeFiles/mcp3008_serial.dir/home/ben/Desktop/HURC/pico/pico-sdk/src/common/pico_util/pheap.c.obj
 .rodata.ph_remove_and_free_node.str1.4
                0x0000000010007a28       0x26 CMakeFiles/mcp3008_serial.dir/home/ben/Desktop/HURC/pico/pico-sdk/src/common/pico_util/pheap.c.obj
 *fill*         0x0000000010007a4e        0x2 
 .rodata.__func__.5708
                0x0000000010007a50        0xc CMakeFiles/mcp3008_serial.dir/home/ben/Desktop/HURC/pico/pico-sdk/src/common/pico_util/pheap.c.obj
 .rodata.__func__.5715
                0x0000000010007a5c       0x12 CMakeFiles/mcp3008_serial.dir/home/ben/Desktop/HURC/pico/pico-sdk/src/common/pico_util/pheap.c.obj
 *fill*         0x0000000010007a6e        0x2 
 .rodata.__func__.5801
                0x0000000010007a70       0x13 CMakeFiles/mcp3008_serial.dir/home/ben/Desktop/HURC/pico/pico-sdk/src/common/pico_util/pheap.c.obj
 *fill*         0x0000000010007a83        0x1 
 .rodata.__func__.5819
                0x0000000010007a84       0x18 CMakeFiles/mcp3008_serial.dir/home/ben/Desktop/HURC/pico/pico-sdk/src/common/pico_util/pheap.c.obj
 .rodata.__assert_func.str1.4
                0x0000000010007a9c       0x3f CMakeFiles/mcp3008_serial.dir/home/ben/Desktop/HURC/pico/pico-sdk/src/rp2_common/pico_runtime/runtime.c.obj
                                         0x43 (size before relaxing)
 *fill*         0x0000000010007adb        0x1 
 .rodata.panic.str1.4
                0x0000000010007adc       0x10 CMakeFiles/mcp3008_serial.dir/home/ben/Desktop/HURC/pico/pico-sdk/src/rp2_common/pico_runtime/runtime.c.obj
                                         0x12 (size before relaxing)
 .rodata.clock_configure.str1.4
                0x0000000010007aec       0x61 CMakeFiles/mcp3008_serial.dir/home/ben/Desktop/HURC/pico/pico-sdk/src/rp2_common/hardware_clocks/clocks.c.obj
 *fill*         0x0000000010007b4d        0x3 
 .rodata.__func__.4667
                0x0000000010007b50       0x10 CMakeFiles/mcp3008_serial.dir/home/ben/Desktop/HURC/pico/pico-sdk/src/rp2_common/hardware_clocks/clocks.c.obj
 .rodata.make_branch.str1.4
                0x0000000010007b60       0x57 CMakeFiles/mcp3008_serial.dir/home/ben/Desktop/HURC/pico/pico-sdk/src/rp2_common/hardware_irq/irq.c.obj
 *fill*         0x0000000010007bb7        0x1 
 .rodata.irq_set_exclusive_handler.str1.4
                0x0000000010007bb8       0x36 CMakeFiles/mcp3008_serial.dir/home/ben/Desktop/HURC/pico/pico-sdk/src/rp2_common/hardware_irq/irq.c.obj
 *fill*         0x0000000010007bee        0x2 
 .rodata.irq_add_shared_handler.str1.4
                0x0000000010007bf0       0xd9 CMakeFiles/mcp3008_serial.dir/home/ben/Desktop/HURC/pico/pico-sdk/src/rp2_common/hardware_irq/irq.c.obj
 *fill*         0x0000000010007cc9        0x3 
 .rodata.irq_remove_handler.str1.4
                0x0000000010007ccc       0x2a CMakeFiles/mcp3008_serial.dir/home/ben/Desktop/HURC/pico/pico-sdk/src/rp2_common/hardware_irq/irq.c.obj
 *fill*         0x0000000010007cf6        0x2 
 .rodata.irq_add_tail_to_free_list.str1.4
                0x0000000010007cf8       0x32 CMakeFiles/mcp3008_serial.dir/home/ben/Desktop/HURC/pico/pico-sdk/src/rp2_common/hardware_irq/irq.c.obj
                                         0x3a (size before relaxing)
 *fill*         0x0000000010007d2a        0x2 
 .rodata.__func__.4703
                0x0000000010007d2c       0x1a CMakeFiles/mcp3008_serial.dir/home/ben/Desktop/HURC/pico/pico-sdk/src/rp2_common/hardware_irq/irq.c.obj
 *fill*         0x0000000010007d46        0x2 
 .rodata.__func__.4717
                0x0000000010007d48        0xc CMakeFiles/mcp3008_serial.dir/home/ben/Desktop/HURC/pico/pico-sdk/src/rp2_common/hardware_irq/irq.c.obj
 .rodata.__func__.4725
                0x0000000010007d54       0x17 CMakeFiles/mcp3008_serial.dir/home/ben/Desktop/HURC/pico/pico-sdk/src/rp2_common/hardware_irq/irq.c.obj
 *fill*         0x0000000010007d6b        0x1 
 .rodata.__func__.4729
                0x0000000010007d6c        0xf CMakeFiles/mcp3008_serial.dir/home/ben/Desktop/HURC/pico/pico-sdk/src/rp2_common/hardware_irq/irq.c.obj
 *fill*         0x0000000010007d7b        0x1 
 .rodata.__func__.4768
                0x0000000010007d7c       0x13 CMakeFiles/mcp3008_serial.dir/home/ben/Desktop/HURC/pico/pico-sdk/src/rp2_common/hardware_irq/irq.c.obj
 *fill*         0x0000000010007d8f        0x1 
 .rodata.__func__.4787
                0x0000000010007d90       0x1a CMakeFiles/mcp3008_serial.dir/home/ben/Desktop/HURC/pico/pico-sdk/src/rp2_common/hardware_irq/irq.c.obj
 *fill*         0x0000000010007daa        0x2 
 .rodata.pll_init.str1.4
                0x0000000010007dac       0xe3 CMakeFiles/mcp3008_serial.dir/home/ben/Desktop/HURC/pico/pico-sdk/src/rp2_common/hardware_pll/pll.c.obj
 *fill*         0x0000000010007e8f        0x1 
 .rodata.__func__.4402
                0x0000000010007e90        0x9 CMakeFiles/mcp3008_serial.dir/home/ben/Desktop/HURC/pico/pico-sdk/src/rp2_common/hardware_pll/pll.c.obj
 *fill*         0x0000000010007e99        0x3 
 .rodata._ftoa.str1.4
                0x0000000010007e9c       0x15 CMakeFiles/mcp3008_serial.dir/home/ben/Desktop/HURC/pico/pico-sdk/src/rp2_common/pico_printf/printf.c.obj
 *fill*         0x0000000010007eb1        0x3 
 .rodata._vsnprintf
                0x0000000010007eb4      0x1e0 CMakeFiles/mcp3008_serial.dir/home/ben/Desktop/HURC/pico/pico-sdk/src/rp2_common/pico_printf/printf.c.obj
 *fill*         0x0000000010008094        0x4 
 .rodata.pow10.5422
                0x0000000010008098       0x50 CMakeFiles/mcp3008_serial.dir/home/ben/Desktop/HURC/pico/pico-sdk/src/rp2_common/pico_printf/printf.c.obj
 .rodata.__aeabi_double_init.str1.4
                0x00000000100080e8       0xb2 CMakeFiles/mcp3008_serial.dir/home/ben/Desktop/HURC/pico/pico-sdk/src/rp2_common/pico_double/double_init_rom.c.obj
 *fill*         0x000000001000819a        0x2 
 .rodata.__func__.4668
                0x000000001000819c       0x14 CMakeFiles/mcp3008_serial.dir/home/ben/Desktop/HURC/pico/pico-sdk/src/rp2_common/pico_double/double_init_rom.c.obj
 .rodata.__aeabi_float_init.str1.4
                0x00000000100081b0       0x84 CMakeFiles/mcp3008_serial.dir/home/ben/Desktop/HURC/pico/pico-sdk/src/rp2_common/pico_float/float_init_rom.c.obj
                                         0x88 (size before relaxing)
 .rodata.__func__.4670
                0x0000000010008234       0x13 CMakeFiles/mcp3008_serial.dir/home/ben/Desktop/HURC/pico/pico-sdk/src/rp2_common/pico_float/float_init_rom.c.obj
 *fill*         0x0000000010008247        0x1 
 .rodata.str1.4
                0x0000000010008248       0x48 CMakeFiles/mcp3008_serial.dir/home/ben/Desktop/HURC/pico/pico-sdk/src/rp2_common/pico_standard_link/binary_info.c.obj
 .rodata.__bi_44
                0x0000000010008290        0xc CMakeFiles/mcp3008_serial.dir/home/ben/Desktop/HURC/pico/pico-sdk/src/rp2_common/pico_standard_link/binary_info.c.obj
 .rodata.__bi_56
                0x000000001000829c        0xc CMakeFiles/mcp3008_serial.dir/home/ben/Desktop/HURC/pico/pico-sdk/src/rp2_common/pico_standard_link/binary_info.c.obj
 .rodata.__bi_75
                0x00000000100082a8        0xc CMakeFiles/mcp3008_serial.dir/home/ben/Desktop/HURC/pico/pico-sdk/src/rp2_common/pico_standard_link/binary_info.c.obj
 .rodata.__bi_81
                0x00000000100082b4        0xc CMakeFiles/mcp3008_serial.dir/home/ben/Desktop/HURC/pico/pico-sdk/src/rp2_common/pico_standard_link/binary_info.c.obj
 .rodata.crlf_str.5862
                0x00000000100082c0        0x2 CMakeFiles/mcp3008_serial.dir/home/ben/Desktop/HURC/pico/pico-sdk/src/rp2_common/pico_stdio/stdio.c.obj
 *fill*         0x00000000100082c2        0x2 
 .rodata._resetd_driver
                0x00000000100082c4       0x18 CMakeFiles/mcp3008_serial.dir/home/ben/Desktop/HURC/pico/pico-sdk/src/rp2_common/pico_stdio_usb/reset_interface.c.obj
 .rodata.stdio_usb_init.str1.4
                0x00000000100082dc       0x6b CMakeFiles/mcp3008_serial.dir/home/ben/Desktop/HURC/pico/pico-sdk/src/rp2_common/pico_stdio_usb/stdio_usb.c.obj
 .rodata.str1.4
                0x00000000100082dc       0x13 CMakeFiles/mcp3008_serial.dir/home/ben/Desktop/HURC/pico/pico-sdk/src/rp2_common/pico_stdio_usb/stdio_usb.c.obj
 *fill*         0x00000000100082ef        0x1 
 .rodata.__bi_93.7154
                0x00000000100082f0        0xc CMakeFiles/mcp3008_serial.dir/home/ben/Desktop/HURC/pico/pico-sdk/src/rp2_common/pico_stdio_usb/stdio_usb.c.obj
 .rodata.__func__.5424
                0x00000000100082fc       0x15 CMakeFiles/mcp3008_serial.dir/home/ben/Desktop/HURC/pico/pico-sdk/src/rp2_common/pico_stdio_usb/stdio_usb.c.obj
 *fill*         0x0000000010008311        0x3 
 .rodata.str1.4
                0x0000000010008314       0x2a CMakeFiles/mcp3008_serial.dir/home/ben/Desktop/HURC/pico/pico-sdk/src/rp2_common/pico_stdio_usb/stdio_usb_descriptors.c.obj
 *fill*         0x000000001000833e        0x2 
 .rodata.usbd_desc_cfg
                0x0000000010008340       0x54 CMakeFiles/mcp3008_serial.dir/home/ben/Desktop/HURC/pico/pico-sdk/src/rp2_common/pico_stdio_usb/stdio_usb_descriptors.c.obj
 .rodata.usbd_desc_device
                0x0000000010008394       0x12 CMakeFiles/mcp3008_serial.dir/home/ben/Desktop/HURC/pico/pico-sdk/src/rp2_common/pico_stdio_usb/stdio_usb_descriptors.c.obj
 *fill*         0x00000000100083a6        0x2 
 .rodata.usbd_desc_str
                0x00000000100083a8       0x18 CMakeFiles/mcp3008_serial.dir/home/ben/Desktop/HURC/pico/pico-sdk/src/rp2_common/pico_stdio_usb/stdio_usb_descriptors.c.obj
 .rodata._hw_endpoint_alloc.str1.4
                0x00000000100083c0       0xc1 CMakeFiles/mcp3008_serial.dir/home/ben/Desktop/HURC/pico/pico-sdk/lib/tinyusb/src/portable/raspberrypi/rp2040/dcd_rp2040.c.obj
 *fill*         0x0000000010008481        0x3 
 .rodata._hw_endpoint_init.str1.4
                0x0000000010008484       0x28 CMakeFiles/mcp3008_serial.dir/home/ben/Desktop/HURC/pico/pico-sdk/lib/tinyusb/src/portable/raspberrypi/rp2040/dcd_rp2040.c.obj
 .rodata.hw_handle_buff_status.str1.4
                0x00000000100084ac        0xb CMakeFiles/mcp3008_serial.dir/home/ben/Desktop/HURC/pico/pico-sdk/lib/tinyusb/src/portable/raspberrypi/rp2040/dcd_rp2040.c.obj
 *fill*         0x00000000100084b7        0x1 
 .rodata.dcd_rp2040_irq.str1.4
                0x00000000100084b8       0x14 CMakeFiles/mcp3008_serial.dir/home/ben/Desktop/HURC/pico/pico-sdk/lib/tinyusb/src/portable/raspberrypi/rp2040/dcd_rp2040.c.obj
 .rodata._hw_endpoint_stall.str1.4
                0x00000000100084cc        0xd CMakeFiles/mcp3008_serial.dir/home/ben/Desktop/HURC/pico/pico-sdk/lib/tinyusb/src/portable/raspberrypi/rp2040/dcd_rp2040.c.obj
 *fill*         0x00000000100084d9        0x3 
 .rodata.dcd_int_enable.str1.4
                0x00000000100084dc        0xc CMakeFiles/mcp3008_serial.dir/home/ben/Desktop/HURC/pico/pico-sdk/lib/tinyusb/src/portable/raspberrypi/rp2040/dcd_rp2040.c.obj
 .rodata.__func__.6859
                0x00000000100084e8       0x13 CMakeFiles/mcp3008_serial.dir/home/ben/Desktop/HURC/pico/pico-sdk/lib/tinyusb/src/portable/raspberrypi/rp2040/dcd_rp2040.c.obj
 *fill*         0x00000000100084fb        0x1 
 .rodata.__func__.6890
                0x00000000100084fc       0x16 CMakeFiles/mcp3008_serial.dir/home/ben/Desktop/HURC/pico/pico-sdk/lib/tinyusb/src/portable/raspberrypi/rp2040/dcd_rp2040.c.obj
 *fill*         0x0000000010008512        0x2 
 .rodata.__func__.6911
                0x0000000010008514       0x13 CMakeFiles/mcp3008_serial.dir/home/ben/Desktop/HURC/pico/pico-sdk/lib/tinyusb/src/portable/raspberrypi/rp2040/dcd_rp2040.c.obj
 *fill*         0x0000000010008527        0x1 
 .rodata.__func__.6932
                0x0000000010008528        0x9 CMakeFiles/mcp3008_serial.dir/home/ben/Desktop/HURC/pico/pico-sdk/lib/tinyusb/src/portable/raspberrypi/rp2040/dcd_rp2040.c.obj
 *fill*         0x0000000010008531        0x3 
 .rodata.__func__.6936
                0x0000000010008534        0xf CMakeFiles/mcp3008_serial.dir/home/ben/Desktop/HURC/pico/pico-sdk/lib/tinyusb/src/portable/raspberrypi/rp2040/dcd_rp2040.c.obj
 *fill*         0x0000000010008543        0x1 
 .rodata.__func__.6945
                0x0000000010008544       0x10 CMakeFiles/mcp3008_serial.dir/home/ben/Desktop/HURC/pico/pico-sdk/lib/tinyusb/src/portable/raspberrypi/rp2040/dcd_rp2040.c.obj
 .rodata.__func__.6957
                0x0000000010008554        0xc CMakeFiles/mcp3008_serial.dir/home/ben/Desktop/HURC/pico/pico-sdk/lib/tinyusb/src/portable/raspberrypi/rp2040/dcd_rp2040.c.obj
 .rodata.__func__.6962
                0x0000000010008560       0x1a CMakeFiles/mcp3008_serial.dir/home/ben/Desktop/HURC/pico/pico-sdk/lib/tinyusb/src/portable/raspberrypi/rp2040/dcd_rp2040.c.obj
 *fill*         0x000000001000857a        0x2 
 .rodata.__func__.6967
                0x000000001000857c        0xe CMakeFiles/mcp3008_serial.dir/home/ben/Desktop/HURC/pico/pico-sdk/lib/tinyusb/src/portable/raspberrypi/rp2040/dcd_rp2040.c.obj
 *fill*         0x000000001000858a        0x2 
 .rodata.__func__.6974
                0x000000001000858c        0xe CMakeFiles/mcp3008_serial.dir/home/ben/Desktop/HURC/pico/pico-sdk/lib/tinyusb/src/portable/raspberrypi/rp2040/dcd_rp2040.c.obj
 *fill*         0x000000001000859a        0x2 
 .rodata.__func__.6979
                0x000000001000859c        0xf CMakeFiles/mcp3008_serial.dir/home/ben/Desktop/HURC/pico/pico-sdk/lib/tinyusb/src/portable/raspberrypi/rp2040/dcd_rp2040.c.obj
 *fill*         0x00000000100085ab        0x1 
 .rodata.__func__.6984
                0x00000000100085ac       0x15 CMakeFiles/mcp3008_serial.dir/home/ben/Desktop/HURC/pico/pico-sdk/lib/tinyusb/src/portable/raspberrypi/rp2040/dcd_rp2040.c.obj
 *fill*         0x00000000100085c1        0x3 
 .rodata._hw_endpoint_buffer_control_update32.str1.4
                0x00000000100085c4       0x1f CMakeFiles/mcp3008_serial.dir/home/ben/Desktop/HURC/pico/pico-sdk/lib/tinyusb/src/portable/raspberrypi/rp2040/rp2040_usb.c.obj
 *fill*         0x00000000100085e3        0x1 
 .rodata._hw_endpoint_xfer_sync.str1.4
                0x00000000100085e4       0x9d CMakeFiles/mcp3008_serial.dir/home/ben/Desktop/HURC/pico/pico-sdk/lib/tinyusb/src/portable/raspberrypi/rp2040/rp2040_usb.c.obj
 *fill*         0x0000000010008681        0x3 
 .rodata._hw_endpoint_xfer_continue.str1.4
                0x0000000010008684       0x50 CMakeFiles/mcp3008_serial.dir/home/ben/Desktop/HURC/pico/pico-sdk/lib/tinyusb/src/portable/raspberrypi/rp2040/rp2040_usb.c.obj
 .rodata._hw_endpoint_xfer.str1.4
                0x00000000100086d4        0xf CMakeFiles/mcp3008_serial.dir/home/ben/Desktop/HURC/pico/pico-sdk/lib/tinyusb/src/portable/raspberrypi/rp2040/rp2040_usb.c.obj
 *fill*         0x00000000100086e3        0x1 
 .rodata.str1.4
                0x00000000100086e4        0x7 CMakeFiles/mcp3008_serial.dir/home/ben/Desktop/HURC/pico/pico-sdk/lib/tinyusb/src/portable/raspberrypi/rp2040/rp2040_usb.c.obj
 *fill*         0x00000000100086eb        0x1 
 .rodata.__func__.6638
                0x00000000100086ec       0x17 CMakeFiles/mcp3008_serial.dir/home/ben/Desktop/HURC/pico/pico-sdk/lib/tinyusb/src/portable/raspberrypi/rp2040/rp2040_usb.c.obj
 *fill*         0x0000000010008703        0x1 
 .rodata.__func__.6649
                0x0000000010008704       0x12 CMakeFiles/mcp3008_serial.dir/home/ben/Desktop/HURC/pico/pico-sdk/lib/tinyusb/src/portable/raspberrypi/rp2040/rp2040_usb.c.obj
 *fill*         0x0000000010008716        0x2 
 .rodata.process_set_config.str1.4
                0x0000000010008718       0x17 CMakeFiles/mcp3008_serial.dir/home/ben/Desktop/HURC/pico/pico-sdk/lib/tinyusb/src/device/usbd.c.obj
 *fill*         0x000000001000872f        0x1 
 .rodata.process_get_descriptor
                0x0000000010008730       0x40 CMakeFiles/mcp3008_serial.dir/home/ben/Desktop/HURC/pico/pico-sdk/lib/tinyusb/src/device/usbd.c.obj
 .rodata.process_control_request
                0x0000000010008770       0x28 CMakeFiles/mcp3008_serial.dir/home/ben/Desktop/HURC/pico/pico-sdk/lib/tinyusb/src/device/usbd.c.obj
 .rodata.tud_task
                0x0000000010008798       0x24 CMakeFiles/mcp3008_serial.dir/home/ben/Desktop/HURC/pico/pico-sdk/lib/tinyusb/src/device/usbd.c.obj
 .rodata.__func__.6512
                0x00000000100087bc       0x10 CMakeFiles/mcp3008_serial.dir/home/ben/Desktop/HURC/pico/pico-sdk/lib/tinyusb/src/device/usbd.c.obj
 .rodata.__func__.7306
                0x00000000100087cc        0x9 CMakeFiles/mcp3008_serial.dir/home/ben/Desktop/HURC/pico/pico-sdk/lib/tinyusb/src/device/usbd.c.obj
 *fill*         0x00000000100087d5        0x3 
 .rodata.__func__.7327
                0x00000000100087d8       0x18 CMakeFiles/mcp3008_serial.dir/home/ben/Desktop/HURC/pico/pico-sdk/lib/tinyusb/src/device/usbd.c.obj
 .rodata.__func__.7365
                0x00000000100087f0       0x13 CMakeFiles/mcp3008_serial.dir/home/ben/Desktop/HURC/pico/pico-sdk/lib/tinyusb/src/device/usbd.c.obj
 *fill*         0x0000000010008803        0x1 
 .rodata.__func__.7408
                0x0000000010008804       0x17 CMakeFiles/mcp3008_serial.dir/home/ben/Desktop/HURC/pico/pico-sdk/lib/tinyusb/src/device/usbd.c.obj
 *fill*         0x000000001000881b        0x1 
 .rodata.__func__.7462
                0x000000001000881c       0x14 CMakeFiles/mcp3008_serial.dir/home/ben/Desktop/HURC/pico/pico-sdk/lib/tinyusb/src/device/usbd.c.obj
 .rodata.__func__.7478
                0x0000000010008830        0xf CMakeFiles/mcp3008_serial.dir/home/ben/Desktop/HURC/pico/pico-sdk/lib/tinyusb/src/device/usbd.c.obj
 *fill*         0x000000001000883f        0x1 
 .rodata.__func__.7506
                0x0000000010008840        0xf CMakeFiles/mcp3008_serial.dir/home/ben/Desktop/HURC/pico/pico-sdk/lib/tinyusb/src/device/usbd.c.obj
 *fill*         0x000000001000884f        0x1 
 .rodata._usbd_driver
                0x0000000010008850       0x18 CMakeFiles/mcp3008_serial.dir/home/ben/Desktop/HURC/pico/pico-sdk/lib/tinyusb/src/device/usbd.c.obj
 .rodata.tud_control_xfer.str1.4
                0x0000000010008868       0x17 CMakeFiles/mcp3008_serial.dir/home/ben/Desktop/HURC/pico/pico-sdk/lib/tinyusb/src/device/usbd_control.c.obj
 .rodata.__func__.7219
                0x0000000010008868       0x11 CMakeFiles/mcp3008_serial.dir/home/ben/Desktop/HURC/pico/pico-sdk/lib/tinyusb/src/device/usbd_control.c.obj
 *fill*         0x0000000010008879        0x3 
 .rodata.__func__.7246
                0x000000001000887c       0x15 CMakeFiles/mcp3008_serial.dir/home/ben/Desktop/HURC/pico/pico-sdk/lib/tinyusb/src/device/usbd_control.c.obj
 .rodata.tud_cdc_n_write_flush.str1.4
                0x0000000010008891       0x17 CMakeFiles/mcp3008_serial.dir/home/ben/Desktop/HURC/pico/pico-sdk/lib/tinyusb/src/class/cdc/cdc_device.c.obj
 *fill*         0x0000000010008891        0x3 
 .rodata.__func__.7157
                0x0000000010008894       0x16 CMakeFiles/mcp3008_serial.dir/home/ben/Desktop/HURC/pico/pico-sdk/lib/tinyusb/src/class/cdc/cdc_device.c.obj
 *fill*         0x00000000100088aa        0x2 
 .rodata.__func__.7190
                0x00000000100088ac        0xa CMakeFiles/mcp3008_serial.dir/home/ben/Desktop/HURC/pico/pico-sdk/lib/tinyusb/src/class/cdc/cdc_device.c.obj
 *fill*         0x00000000100088b6        0x2 
 .rodata.__func__.7224
                0x00000000100088b8        0xd CMakeFiles/mcp3008_serial.dir/home/ben/Desktop/HURC/pico/pico-sdk/lib/tinyusb/src/class/cdc/cdc_device.c.obj
 .rodata.tusb_init.str1.4
                0x00000000100088c5       0x17 CMakeFiles/mcp3008_serial.dir/home/ben/Desktop/HURC/pico/pico-sdk/lib/tinyusb/src/tusb.c.obj
 *fill*         0x00000000100088c5        0x3 
 .rodata.__func__.7094
                0x00000000100088c8        0xa CMakeFiles/mcp3008_serial.dir/home/ben/Desktop/HURC/pico/pico-sdk/lib/tinyusb/src/tusb.c.obj
 *fill*         0x00000000100088d2        0x2 
 .rodata.pico_get_unique_board_id_string.str1.4
                0x00000000100088d4       0x57 CMakeFiles/mcp3008_serial.dir/home/ben/Desktop/HURC/pico/pico-sdk/src/rp2_common/pico_unique_id/unique_id.c.obj
 *fill*         0x000000001000892b        0x1 
 .rodata.__func__.4287
                0x000000001000892c       0x20 CMakeFiles/mcp3008_serial.dir/home/ben/Desktop/HURC/pico/pico-sdk/src/rp2_common/pico_unique_id/unique_id.c.obj
 .rodata.str1.4
                0x000000001000894c      0x162 CMakeFiles/mcp3008_serial.dir/home/ben/Desktop/HURC/pico/pico-sdk/src/rp2_common/hardware_flash/flash.c.obj
 *fill*         0x0000000010008aae        0x2 
 .rodata.__func__.4428
                0x0000000010008ab0        0xd CMakeFiles/mcp3008_serial.dir/home/ben/Desktop/HURC/pico/pico-sdk/src/rp2_common/hardware_flash/flash.c.obj
                0x0000000010008ac0                . = ALIGN (0x4)
 *fill*         0x0000000010008abd        0x3 
 *(SORT_BY_ALIGNMENT(SORT_BY_NAME(.flashdata*)))
                0x0000000010008ac0                . = ALIGN (0x4)

.rel.dyn        0x0000000010008ac0        0x0
 .rel.iplt      0x0000000010008ac0        0x0 /usr/lib/gcc/arm-none-eabi/9.2.1/thumb/v6-m/nofp/crtbegin.o

.ARM.extab
 *(.ARM.extab* .gnu.linkonce.armextab.*)
                0x0000000010008ac0                __exidx_start = .

.ARM.exidx
 *(.ARM.exidx* .gnu.linkonce.armexidx.*)
                0x0000000010008ac0                __exidx_end = .
                0x0000000010008ac0                . = ALIGN (0x4)
                0x0000000010008ac0                __binary_info_start = .

.binary_info    0x0000000010008ac0       0x2c
 *(.binary_info.keep.*)
 .binary_info.keep.__bi_ptr86
                0x0000000010008ac0        0x4 CMakeFiles/mcp3008_serial.dir/mcp3008_serial.c.obj
 .binary_info.keep.__bi_ptr93